Archive member included because of file (symbol)

c:/develop/altera/13.1/nios2eds/bin/gnu/h-i686-mingw32/bin/../lib/gcc/nios2-elf/4.7.3\libgcc.a(lib2-divmod.o)
                              obj/default/mmcfs/fatfs/ff.o (__divsi3)
c:/develop/altera/13.1/nios2eds/bin/gnu/h-i686-mingw32/bin/../lib/gcc/nios2-elf/4.7.3/../../../../../H-i686-mingw32/nios2-elf/lib\libc.a(lib_a-malloc.o)
                              obj/default/ckplay.o (malloc)
c:/develop/altera/13.1/nios2eds/bin/gnu/h-i686-mingw32/bin/../lib/gcc/nios2-elf/4.7.3/../../../../../H-i686-mingw32/nios2-elf/lib\libc.a(lib_a-mallocr.o)
                              c:/develop/altera/13.1/nios2eds/bin/gnu/h-i686-mingw32/bin/../lib/gcc/nios2-elf/4.7.3/../../../../../H-i686-mingw32/nios2-elf/lib\libc.a(lib_a-malloc.o) (_malloc_r)
c:/develop/altera/13.1/nios2eds/bin/gnu/h-i686-mingw32/bin/../lib/gcc/nios2-elf/4.7.3/../../../../../H-i686-mingw32/nios2-elf/lib\libc.a(lib_a-memcpy.o)
                              obj/default/mmcfs/mmcfs.o (memcpy)
c:/develop/altera/13.1/nios2eds/bin/gnu/h-i686-mingw32/bin/../lib/gcc/nios2-elf/4.7.3/../../../../../H-i686-mingw32/nios2-elf/lib\libc.a(lib_a-memset.o)
                              obj/default/ckplay.o (memset)
c:/develop/altera/13.1/nios2eds/bin/gnu/h-i686-mingw32/bin/../lib/gcc/nios2-elf/4.7.3/../../../../../H-i686-mingw32/nios2-elf/lib\libc.a(lib_a-printf.o)
                              obj/default/ckplay.o (printf)
c:/develop/altera/13.1/nios2eds/bin/gnu/h-i686-mingw32/bin/../lib/gcc/nios2-elf/4.7.3/../../../../../H-i686-mingw32/nios2-elf/lib\libc.a(lib_a-putchar.o)
                              obj/default/nd_lib/nd_acm.o (putchar)
c:/develop/altera/13.1/nios2eds/bin/gnu/h-i686-mingw32/bin/../lib/gcc/nios2-elf/4.7.3/../../../../../H-i686-mingw32/nios2-elf/lib\libc.a(lib_a-puts.o)
                              obj/default/ckplay.o (puts)
c:/develop/altera/13.1/nios2eds/bin/gnu/h-i686-mingw32/bin/../lib/gcc/nios2-elf/4.7.3/../../../../../H-i686-mingw32/nios2-elf/lib\libc.a(lib_a-sbrkr.o)
                              c:/develop/altera/13.1/nios2eds/bin/gnu/h-i686-mingw32/bin/../lib/gcc/nios2-elf/4.7.3/../../../../../H-i686-mingw32/nios2-elf/lib\libc.a(lib_a-mallocr.o) (_sbrk_r)
c:/develop/altera/13.1/nios2eds/bin/gnu/h-i686-mingw32/bin/../lib/gcc/nios2-elf/4.7.3/../../../../../H-i686-mingw32/nios2-elf/lib\libc.a(lib_a-strcpy.o)
                              obj/default/ckplay.o (strcpy)
c:/develop/altera/13.1/nios2eds/bin/gnu/h-i686-mingw32/bin/../lib/gcc/nios2-elf/4.7.3/../../../../../H-i686-mingw32/nios2-elf/lib\libc.a(lib_a-strlen.o)
                              obj/default/ckplay.o (strlen)
c:/develop/altera/13.1/nios2eds/bin/gnu/h-i686-mingw32/bin/../lib/gcc/nios2-elf/4.7.3/../../../../../H-i686-mingw32/nios2-elf/lib\libc.a(lib_a-vfprintf.o)
                              c:/develop/altera/13.1/nios2eds/bin/gnu/h-i686-mingw32/bin/../lib/gcc/nios2-elf/4.7.3/../../../../../H-i686-mingw32/nios2-elf/lib\libc.a(lib_a-printf.o) (___vfprintf_internal_r)
c:/develop/altera/13.1/nios2eds/bin/gnu/h-i686-mingw32/bin/../lib/gcc/nios2-elf/4.7.3/../../../../../H-i686-mingw32/nios2-elf/lib\libc.a(lib_a-wsetup.o)
                              c:/develop/altera/13.1/nios2eds/bin/gnu/h-i686-mingw32/bin/../lib/gcc/nios2-elf/4.7.3/../../../../../H-i686-mingw32/nios2-elf/lib\libc.a(lib_a-vfprintf.o) (__swsetup_r)
c:/develop/altera/13.1/nios2eds/bin/gnu/h-i686-mingw32/bin/../lib/gcc/nios2-elf/4.7.3/../../../../../H-i686-mingw32/nios2-elf/lib\libc.a(lib_a-dtoa.o)
                              c:/develop/altera/13.1/nios2eds/bin/gnu/h-i686-mingw32/bin/../lib/gcc/nios2-elf/4.7.3/../../../../../H-i686-mingw32/nios2-elf/lib\libc.a(lib_a-vfprintf.o) (_dtoa_r)
c:/develop/altera/13.1/nios2eds/bin/gnu/h-i686-mingw32/bin/../lib/gcc/nios2-elf/4.7.3/../../../../../H-i686-mingw32/nios2-elf/lib\libc.a(lib_a-fflush.o)
                              c:/develop/altera/13.1/nios2eds/bin/gnu/h-i686-mingw32/bin/../lib/gcc/nios2-elf/4.7.3/../../../../../H-i686-mingw32/nios2-elf/lib\libc.a(lib_a-vfprintf.o) (_fflush_r)
c:/develop/altera/13.1/nios2eds/bin/gnu/h-i686-mingw32/bin/../lib/gcc/nios2-elf/4.7.3/../../../../../H-i686-mingw32/nios2-elf/lib\libc.a(lib_a-findfp.o)
                              c:/develop/altera/13.1/nios2eds/bin/gnu/h-i686-mingw32/bin/../lib/gcc/nios2-elf/4.7.3/../../../../../H-i686-mingw32/nios2-elf/lib\libc.a(lib_a-vfprintf.o) (__sinit)
c:/develop/altera/13.1/nios2eds/bin/gnu/h-i686-mingw32/bin/../lib/gcc/nios2-elf/4.7.3/../../../../../H-i686-mingw32/nios2-elf/lib\libc.a(lib_a-freer.o)
                              c:/develop/altera/13.1/nios2eds/bin/gnu/h-i686-mingw32/bin/../lib/gcc/nios2-elf/4.7.3/../../../../../H-i686-mingw32/nios2-elf/lib\libc.a(lib_a-malloc.o) (_free_r)
c:/develop/altera/13.1/nios2eds/bin/gnu/h-i686-mingw32/bin/../lib/gcc/nios2-elf/4.7.3/../../../../../H-i686-mingw32/nios2-elf/lib\libc.a(lib_a-fvwrite.o)
[...]
Memory Configuration

Name             Origin             Length             Attributes
sdram_BEFORE_EXCEPTION 0x00000000         0x00000020
sdram            0x00000020         0x007fffe0
reset            0x0f000000         0x00000020
ipl_memory       0x0f000020         0x00001fe0
*default*        0x00000000         0xffffffff

Linker script and memory map

LOAD ../lcdunit_ckplay_bsp//obj/HAL/src/crt0.o
LOAD obj/default/ckplay.o
LOAD obj/default/mmcfs/fatfs/ff.o
LOAD obj/default/mmcfs/fatfs/mmcbb.o
LOAD obj/default/mmcfs/fatfs/option/cc932.o
LOAD obj/default/mmcfs/gettime.o
LOAD obj/default/mmcfs/mmc_spi.o
LOAD obj/default/mmcfs/mmcfs.o
LOAD obj/default/nd_lib/ILI9325.o
LOAD obj/default/nd_lib/nd_acm.o
LOAD obj/default/nd_lib/nd_egl.o
LOAD obj/default/nd_lib/nd_acm_mcudecode.o
LOAD c:/develop/altera/13.1/nios2eds/bin/gnu/h-i686-mingw32/bin/../lib/gcc/nios2-elf/4.7.3/../../../../../H-i686-mingw32/nios2-elf/lib\libstdc++.a
LOAD c:/develop/altera/13.1/nios2eds/bin/gnu/h-i686-mingw32/bin/../lib/gcc/nios2-elf/4.7.3/../../../../../H-i686-mingw32/nios2-elf/lib\libm.a
LOAD c:/develop/altera/13.1/nios2eds/bin/gnu/h-i686-mingw32/bin/../lib/gcc/nios2-elf/4.7.3\libgcc.a
START GROUP
LOAD c:/develop/altera/13.1/nios2eds/bin/gnu/h-i686-mingw32/bin/../lib/gcc/nios2-elf/4.7.3/../../../../../H-i686-mingw32/nios2-elf/lib\libc.a
LOAD c:/develop/altera/13.1/nios2eds/bin/gnu/h-i686-mingw32/bin/../lib/gcc/nios2-elf/4.7.3\libgcc.a
LOAD ../lcdunit_ckplay_bsp/\libhal_bsp.a
END GROUP
LOAD c:/develop/altera/13.1/nios2eds/bin/gnu/h-i686-mingw32/bin/../lib/gcc/nios2-elf/4.7.3\libgcc.a
                0x00000000                __alt_mem_sdram = 0x0
                0x0f000000                __alt_mem_ipl_memory = 0xf000000

.entry          0x0f000000        0x0
 *(.entry)
 .entry         0x0f000000        0x0 ../lcdunit_ckplay_bsp//obj/HAL/src/crt0.o
                0x0f000000                __reset

.exceptions     0x00000020      0x130
                0x00000020                PROVIDE (__ram_exceptions_start, ABSOLUTE (.))
                0x00000020                . = ALIGN (0x20)
 *(.irq)
 *(.exceptions.entry.label)
 .exceptions.entry.label
                0x00000020        0x0 ../lcdunit_ckplay_bsp/\libhal_bsp.a(alt_irq_entry.o)
                0x00000020                alt_irq_entry
 .exceptions.entry.label
                0x00000020        0x0 ../lcdunit_ckplay_bsp/\libhal_bsp.a(alt_exception_entry.o)
                0x00000020                alt_exception
 *(.exceptions.entry.user)
 *(.exceptions.entry.ecc_fatal)
 *(.exceptions.entry)
 .exceptions.entry
                0x00000020       0x54 ../lcdunit_ckplay_bsp/\libhal_bsp.a(alt_exception_entry.o)
 *(.exceptions.irqtest.user)
 *(.exceptions.irqtest)
 .exceptions.irqtest
                0x00000074       0x10 ../lcdunit_ckplay_bsp/\libhal_bsp.a(alt_irq_entry.o)
 *(.exceptions.irqhandler.user)
 *(.exceptions.irqhandler)
 .exceptions.irqhandler
                0x00000084        0x4 ../lcdunit_ckplay_bsp/\libhal_bsp.a(alt_irq_entry.o)
 *(.exceptions.irqreturn.user)
 *(.exceptions.irqreturn)
 .exceptions.irqreturn
                0x00000088        0x4 ../lcdunit_ckplay_bsp/\libhal_bsp.a(alt_irq_entry.o)
 *(.exceptions.notirq.label)
 .exceptions.notirq.label
                0x0000008c        0x0 ../lcdunit_ckplay_bsp/\libhal_bsp.a(alt_irq_entry.o)
 *(.exceptions.notirq.user)
 *(.exceptions.notirq)
 .exceptions.notirq
                0x0000008c        0x8 ../lcdunit_ckplay_bsp/\libhal_bsp.a(alt_exception_entry.o)
 *(.exceptions.soft.user)
 *(.exceptions.soft)
 *(.exceptions.unknown.user)
 *(.exceptions.unknown)
 .exceptions.unknown
                0x00000094        0x4 ../lcdunit_ckplay_bsp/\libhal_bsp.a(alt_exception_entry.o)
 *(.exceptions.exit.label)
 .exceptions.exit.label
                0x00000098        0x0 ../lcdunit_ckplay_bsp/\libhal_bsp.a(alt_irq_entry.o)
 .exceptions.exit.label
                0x00000098        0x0 ../lcdunit_ckplay_bsp/\libhal_bsp.a(alt_exception_entry.o)
 *(.exceptions.exit.user)
 *(.exceptions.exit)
 .exceptions.exit
                0x00000098       0x54 ../lcdunit_ckplay_bsp/\libhal_bsp.a(alt_exception_entry.o)
 *(.exceptions)
 .exceptions    0x000000ec       0x64 ../lcdunit_ckplay_bsp/\libhal_bsp.a(alt_irq_handler.o)
                0x000000ec                alt_irq_handler
                0x00000150                PROVIDE (__ram_exceptions_end, ABSOLUTE (.))
                0x00000020                PROVIDE (__flash_exceptions_start, LOADADDR (.exceptions))

.text           0x00000150    0x12244
                0x00000150                PROVIDE (stext, ABSOLUTE (.))
 *(.interp)
 *(.hash)
 *(.dynsym)
 *(.dynstr)
 *(.gnu.version)
 *(.gnu.version_d)
 *(.gnu.version_r)
 *(.rel.init)
 *(.rela.init)
 *(.rel.text .rel.text.* .rel.gnu.linkonce.t.*)
 *(.rela.text .rela.text.* .rela.gnu.linkonce.t.*)
 *(.rel.fini)
 *(.rela.fini)
 *(.rel.rodata .rel.rodata.* .rel.gnu.linkonce.r.*)
 *(.rela.rodata .rela.rodata.* .rela.gnu.linkonce.r.*)
 *(.rel.data .rel.data.* .rel.gnu.linkonce.d.*)
 *(.rela.data .rela.data.* .rela.gnu.linkonce.d.*)
 *(.rel.tdata .rel.tdata.* .rel.gnu.linkonce.td.*)
 *(.rela.tdata .rela.tdata.* .rela.gnu.linkonce.td.*)
 *(.rel.tbss .rel.tbss.* .rel.gnu.linkonce.tb.*)
 *(.rela.tbss .rela.tbss.* .rela.gnu.linkonce.tb.*)
 *(.rel.ctors)
 *(.rela.ctors)
 *(.rel.dtors)
 *(.rela.dtors)
 *(.rel.got)
 *(.rela.got)
 *(.rel.sdata .rel.sdata.* .rel.gnu.linkonce.s.*)
 *(.rela.sdata .rela.sdata.* .rela.gnu.linkonce.s.*)
 *(.rel.sbss .rel.sbss.* .rel.gnu.linkonce.sb.*)
 *(.rela.sbss .rela.sbss.* .rela.gnu.linkonce.sb.*)
 *(.rel.sdata2 .rel.sdata2.* .rel.gnu.linkonce.s2.*)
 *(.rela.sdata2 .rela.sdata2.* .rela.gnu.linkonce.s2.*)
 *(.rel.sbss2 .rel.sbss2.* .rel.gnu.linkonce.sb2.*)
 *(.rela.sbss2 .rela.sbss2.* .rela.gnu.linkonce.sb2.*)
 *(.rel.bss .rel.bss.* .rel.gnu.linkonce.b.*)
 *(.rela.bss .rela.bss.* .rela.gnu.linkonce.b.*)
 *(.rel.plt)
 *(.rela.plt)
 *(.rel.dyn)
 *(.init)
 *(.plt)
 *(.text .stub .text.* .gnu.linkonce.t.*)
 .text          0x00000150       0x3c ../lcdunit_ckplay_bsp//obj/HAL/src/crt0.o
                0x00000150                _start
 .text          0x0000018c      0x168 obj/default/ckplay.o
                0x0000018c                open_ckdir
                0x000001d0                check_extck
                0x00000244                get_ckfilename
 .text.startup  0x000002f4      0x1c8 obj/default/ckplay.o
                0x000002f4                main
 .text          0x000004bc     0x3d84 obj/default/mmcfs/fatfs/ff.o
                0x00000f10                clust2sect
                0x00000f3c                get_fat
                0x0000120c                put_fat
                0x000022b0                gen_numname
                0x00002748                f_mount
                0x00002778                f_open
                0x00002a44                f_read
                0x00002d1c                f_write
                0x00003064                f_sync
                0x000031a4                f_close
                0x000031d0                f_lseek
                0x000034a4                f_opendir
                0x00003574                f_readdir
                0x0000362c                f_stat
                0x000036c8                f_getfree
                0x000038b4                f_truncate
                0x00003a04                f_unlink
                0x00003b60                f_mkdir
                0x00003e88                f_chmod
                0x00003f60                f_utime
                0x00004034                f_rename
 .text          0x00004240      0x9f4 obj/default/mmcfs/fatfs/mmcbb.o
                0x000045f0                disk_status
                0x00004680                disk_initialize
                0x00004860                disk_read
                0x00004978                disk_write
                0x00004acc                disk_ioctl
 .text          0x00004c34       0xe4 obj/default/mmcfs/fatfs/option/cc932.o
                0x00004c34                ff_convert
                0x00004cc4                ff_wtoupper
 .text          0x00004d18        0x8 obj/default/mmcfs/gettime.o
                0x00004d18                get_fattime
 .text          0x00004d20      0x280 obj/default/mmcfs/mmc_spi.o
                0x00004d20                mmc_spi_SetCardSelect
                0x00004d34                mmc_spi_SetCardDeselect
                0x00004d4c                mmc_spi_Sendbyte
                0x00004d70                mmc_spi_Recvbyte
                0x00004da0                mmc_spi_DmaRecv
                0x00004eb4                mmc_spi_CheckCardDetect
                0x00004ec8                mmc_spi_CheckWritePortect
                0x00004ef0                mmc_spi_SetIdentClock
                0x00004f00                mmc_spi_SetTransClock
                0x00004f10                mmc_spi_SetTimer
                0x00004f28                mmc_spi_CheckTimer
                0x00004f38                mmc_spi_Wait100us
                0x00004f58                mmc_spi_InitSocket
 .text          0x00004fa0      0x2fc obj/default/mmcfs/mmcfs.o
                0x00004fa0                dev_mmcfs_fstat
                0x00004fd0                dev_mmcfs_lseek
                0x00005040                dev_mmcfs_write
                0x00005070                dev_mmcfs_read
                0x000050a0                dev_mmcfs_close
                0x00005110                dev_mmcfs_open
                0x0000523c                mmcfs_setup
 .text          0x0000529c      0x4b8 obj/default/nd_lib/ILI9325.o
                0x0000529c                Trans_Dat
                0x00005340                ILI9325_init
                0x000056a8                ILI9325_updatefb
 .text          0x00005754      0xaa8 obj/default/nd_lib/nd_acm.o
                0x00005754                framewait_callback
                0x000059ec                framewait_start
                0x00005a48                nd_GsCkPlay
                0x00005e38                nd_GsAcmDecode
                0x00005f10                nd_acm_mcudecode_c
 .text          0x000061fc      0xb6c obj/default/nd_lib/nd_egl.o
                0x00006294                nd_GsEglPage
                0x000062bc                nd_GsEglColor
                0x000062cc                nd_GsEglPset
                0x00006398                nd_GsEglBoxfill
                0x00006514                nd_GsEglCircle
                0x000066b4                nd_GsEglLine
                0x00006814                nd_GsEglBox
                0x000068a0                nd_GsEglPutcharFont
                0x000069d4                nd_GsEglPutstrFont
                0x00006aa0                nd_GsEglSetFont
                0x00006aac                nd_GsEglPutchar
                0x00006b70                nd_GsEglPutstr
                0x00006bcc                nd_GsEglPutdec
                0x00006ca8                nd_GsEglPuthex2
                0x00006cf8                nd_GsEglPuthex8
 .text          0x00006d68      0x4e8 obj/default/nd_lib/nd_acm_mcudecode.o
                0x00006d68                nd_acm_mcudecode_asm
 .text          0x00007250      0x130 c:/develop/altera/13.1/nios2eds/bin/gnu/h-i686-mingw32/bin/../lib/gcc/nios2-elf/4.7.3\libgcc.a(lib2-divmod.o)
                0x000072c4                __divsi3
                0x00007314                __modsi3
                0x00007370                __udivsi3
                0x00007378                __umodsi3
 .text          0x00007380       0x28 c:/develop/altera/13.1/nios2eds/bin/gnu/h-i686-mingw32/bin/../lib/gcc/nios2-elf/4.7.3/../../../../../H-i686-mingw32/nios2-elf/lib\libc.a(lib_a-malloc.o)
                0x00007380                malloc
                0x00007394                free
 .text          0x000073a8      0x784 c:/develop/altera/13.1/nios2eds/bin/gnu/h-i686-mingw32/bin/../lib/gcc/nios2-elf/4.7.3/../../../../../H-i686-mingw32/nios2-elf/lib\libc.a(lib_a-mallocr.o)
                0x000073a8                _malloc_r
 .text          0x00007b2c       0xf8 c:/develop/altera/13.1/nios2eds/bin/gnu/h-i686-mingw32/bin/../lib/gcc/nios2-elf/4.7.3/../../../../../H-i686-mingw32/nios2-elf/lib\libc.a(lib_a-memcpy.o)
                0x00007b2c                memcpy
 .text          0x00007c24       0xdc c:/develop/altera/13.1/nios2eds/bin/gnu/h-i686-mingw32/bin/../lib/gcc/nios2-elf/4.7.3/../../../../../H-i686-mingw32/nios2-elf/lib\libc.a(lib_a-memset.o)
                0x00007c24                memset
 .text          0x00007d00       0x68 c:/develop/altera/13.1/nios2eds/bin/gnu/h-i686-mingw32/bin/../lib/gcc/nios2-elf/4.7.3/../../../../../H-i686-mingw32/nios2-elf/lib\libc.a(lib_a-printf.o)
                0x00007d00                _printf_r
                0x00007d2c                printf
 .text          0x00007d68       0x24 c:/develop/altera/13.1/nios2eds/bin/gnu/h-i686-mingw32/bin/../lib/gcc/nios2-elf/4.7.3/../../../../../H-i686-mingw32/nios2-elf/lib\libc.a(lib_a-putchar.o)
                0x00007d68                _putchar_r
                0x00007d70                putchar
 .text          0x00007d8c       0x98 c:/develop/altera/13.1/nios2eds/bin/gnu/h-i686-mingw32/bin/../lib/gcc/nios2-elf/4.7.3/../../../../../H-i686-mingw32/nios2-elf/lib\libc.a(lib_a-puts.o)
                0x00007d8c                _puts_r
                0x00007e10                puts
 .text          0x00007e24       0x64 c:/develop/altera/13.1/nios2eds/bin/gnu/h-i686-mingw32/bin/../lib/gcc/nios2-elf/4.7.3/../../../../../H-i686-mingw32/nios2-elf/lib\libc.a(lib_a-sbrkr.o)
                0x00007e24                _sbrk_r
 .text          0x00007e88       0x94 c:/develop/altera/13.1/nios2eds/bin/gnu/h-i686-mingw32/bin/../lib/gcc/nios2-elf/4.7.3/../../../../../H-i686-mingw32/nios2-elf/lib\libc.a(lib_a-strcpy.o)
                0x00007e88                strcpy
 .text          0x00007f1c       0x8c c:/develop/altera/13.1/nios2eds/bin/gnu/h-i686-mingw32/bin/../lib/gcc/nios2-elf/4.7.3/../../../../../H-i686-mingw32/nios2-elf/lib\libc.a(lib_a-strlen.o)
                0x00007f1c                strlen
 .text          0x00007fa8     0x1e50 c:/develop/altera/13.1/nios2eds/bin/gnu/h-i686-mingw32/bin/../lib/gcc/nios2-elf/4.7.3/../../../../../H-i686-mingw32/nios2-elf/lib\libc.a(lib_a-vfprintf.o)
                0x00007fdc                ___vfprintf_internal_r
                0x00009dd4                __vfprintf_internal
 .text          0x00009df8      0x174 c:/develop/altera/13.1/nios2eds/bin/gnu/h-i686-mingw32/bin/../lib/gcc/nios2-elf/4.7.3/../../../../../H-i686-mingw32/nios2-elf/lib\libc.a(lib_a-wsetup.o)
                0x00009df8                __swsetup_r
 .text          0x00009f6c     0x1824 c:/develop/altera/13.1/nios2eds/bin/gnu/h-i686-mingw32/bin/../lib/gcc/nios2-elf/4.7.3/../../../../../H-i686-mingw32/nios2-elf/lib\libc.a(lib_a-dtoa.o)
                0x0000a174                _dtoa_r
 .text          0x0000b790      0x218 c:/develop/altera/13.1/nios2eds/bin/gnu/h-i686-mingw32/bin/../lib/gcc/nios2-elf/4.7.3/../../../../../H-i686-mingw32/nios2-elf/lib\libc.a(lib_a-fflush.o)
                0x0000b790                _fflush_r
                0x0000b978                fflush
 .text          0x0000b9a8      0x2d8 c:/develop/altera/13.1/nios2eds/bin/gnu/h-i686-mingw32/bin/../lib/gcc/nios2-elf/4.7.3/../../../../../H-i686-mingw32/nios2-elf/lib\libc.a(lib_a-findfp.o)
                0x0000b9b8                _cleanup_r
                0x0000b9c4                __sfmoreglue
                0x0000ba28                _cleanup
                0x0000ba38                __sinit
                0x0000bb44                __sfp
                0x0000bc40                __sfp_lock_acquire
                0x0000bc44                __sfp_lock_release
                0x0000bc48                __sinit_lock_acquire
                0x0000bc4c                __sinit_lock_release
                0x0000bc50                __fp_lock_all
                0x0000bc68                __fp_unlock_all
 .text          0x0000bc80      0x40c c:/develop/altera/13.1/nios2eds/bin/gnu/h-i686-mingw32/bin/../lib/gcc/nios2-elf/4.7.3/../../../../../H-i686-mingw32/nios2-elf/lib\libc.a(lib_a-freer.o)
                0x0000bc80                _malloc_trim_r
                0x0000bdbc                _free_r
 .text          0x0000c08c      0x4e4 c:/develop/altera/13.1/nios2eds/bin/gnu/h-i686-mingw32/bin/../lib/gcc/nios2-elf/4.7.3/../../../../../H-i686-mingw32/nios2-elf/lib\libc.a(lib_a-fvwrite.o)
                0x0000c08c                __sfvwrite_r
 .text          0x0000c570      0x160 c:/develop/altera/13.1/nios2eds/bin/gnu/h-i686-mingw32/bin/../lib/gcc/nios2-elf/4.7.3/../../../../../H-i686-mingw32/nios2-elf/lib\libc.a(lib_a-fwalk.o)
                0x0000c570                _fwalk
                0x0000c618                _fwalk_reent
 .text          0x0000c6d0        0x0 c:/develop/altera/13.1/nios2eds/bin/gnu/h-i686-mingw32/bin/../lib/gcc/nios2-elf/4.7.3/../../../../../H-i686-mingw32/nios2-elf/lib\libc.a(lib_a-impure.o)
 .text          0x0000c6d0        0x0 c:/develop/altera/13.1/nios2eds/bin/gnu/h-i686-mingw32/bin/../lib/gcc/nios2-elf/4.7.3/../../../../../H-i686-mingw32/nios2-elf/lib\libc.a(lib_a-int_errno.o)
 .text          0x0000c6d0       0xdc c:/develop/altera/13.1/nios2eds/bin/gnu/h-i686-mingw32/bin/../lib/gcc/nios2-elf/4.7.3/../../../../../H-i686-mingw32/nios2-elf/lib\libc.a(lib_a-locale.o)
                0x0000c6d0                _setlocale_r
                0x0000c76c                __locale_charset
                0x0000c778                _localeconv_r
                0x0000c784                setlocale
                0x0000c7a0                localeconv
 .text          0x0000c7ac      0x1a8 c:/develop/altera/13.1/nios2eds/bin/gnu/h-i686-mingw32/bin/../lib/gcc/nios2-elf/4.7.3/../../../../../H-i686-mingw32/nios2-elf/lib\libc.a(lib_a-makebuf.o)
                0x0000c7ac                __smakebuf_r
 .text          0x0000c954       0xf8 c:/develop/altera/13.1/nios2eds/bin/gnu/h-i686-mingw32/bin/../lib/gcc/nios2-elf/4.7.3/../../../../../H-i686-mingw32/nios2-elf/lib\libc.a(lib_a-memchr.o)
                0x0000c954                memchr
 .text          0x0000ca4c      0x128 c:/develop/altera/13.1/nios2eds/bin/gnu/h-i686-mingw32/bin/../lib/gcc/nios2-elf/4.7.3/../../../../../H-i686-mingw32/nios2-elf/lib\libc.a(lib_a-memmove.o)
                0x0000ca4c                memmove
 .text          0x0000cb74      0xfa8 c:/develop/altera/13.1/nios2eds/bin/gnu/h-i686-mingw32/bin/../lib/gcc/nios2-elf/4.7.3/../../../../../H-i686-mingw32/nios2-elf/lib\libc.a(lib_a-mprec.o)
                0x0000cb74                _Balloc
                0x0000cc1c                _Bfree
                0x0000cc44                __multadd
                0x0000cd58                __s2b
                0x0000ce5c                __hi0bits
                0x0000cec4                __lo0bits
                0x0000cf74                __i2b
                0x0000cfb0                __multiply
                0x0000d190                __pow5mult
                0x0000d2bc                __lshift
                0x0000d418                __mcmp
                0x0000d470                __mdiff
                0x0000d618                __ulp
                0x0000d678                __b2d
                0x0000d7c0                __d2b
                0x0000d904                __ratio
                0x0000d9a8                _mprec_log10
                0x0000da1c                __copybits
                0x0000da98                __any_on
 .text          0x0000db1c      0x1ac c:/develop/altera/13.1/nios2eds/bin/gnu/h-i686-mingw32/bin/../lib/gcc/nios2-elf/4.7.3/../../../../../H-i686-mingw32/nios2-elf/lib\libc.a(lib_a-putc.o)
                0x0000db1c                _putc_r
                0x0000dbd8                putc
 .text          0x0000dcc8      0x5fc c:/develop/altera/13.1/nios2eds/bin/gnu/h-i686-mingw32/bin/../lib/gcc/nios2-elf/4.7.3/../../../../../H-i686-mingw32/nios2-elf/lib\libc.a(lib_a-reallocr.o)
                0x0000dcc8                _realloc_r
 .text          0x0000e2c4       0x38 c:/develop/altera/13.1/nios2eds/bin/gnu/h-i686-mingw32/bin/../lib/gcc/nios2-elf/4.7.3/../../../../../H-i686-mingw32/nios2-elf/lib\libc.a(lib_a-s_isinfd.o)
                0x0000e2c4                __isinfd
 .text          0x0000e2fc       0x2c c:/develop/altera/13.1/nios2eds/bin/gnu/h-i686-mingw32/bin/../lib/gcc/nios2-elf/4.7.3/../../../../../H-i686-mingw32/nios2-elf/lib\libc.a(lib_a-s_isnand.o)
                0x0000e2fc                __isnand
 .text          0x0000e328      0x140 c:/develop/altera/13.1/nios2eds/bin/gnu/h-i686-mingw32/bin/../lib/gcc/nios2-elf/4.7.3/../../../../../H-i686-mingw32/nios2-elf/lib\libc.a(lib_a-stdio.o)
                0x0000e328                __sread
                0x0000e37c                __swrite
                0x0000e404                __sseek
                0x0000e460                __sclose
 .text          0x0000e468       0xa4 c:/develop/altera/13.1/nios2eds/bin/gnu/h-i686-mingw32/bin/../lib/gcc/nios2-elf/4.7.3/../../../../../H-i686-mingw32/nios2-elf/lib\libc.a(lib_a-strcmp.o)
                0x0000e468                strcmp
 .text          0x0000e50c      0x158 c:/develop/altera/13.1/nios2eds/bin/gnu/h-i686-mingw32/bin/../lib/gcc/nios2-elf/4.7.3/../../../../../H-i686-mingw32/nios2-elf/lib\libc.a(lib_a-wbuf.o)
                0x0000e50c                __swbuf_r
                0x0000e648                __swbuf
 .text          0x0000e664       0x6c c:/develop/altera/13.1/nios2eds/bin/gnu/h-i686-mingw32/bin/../lib/gcc/nios2-elf/4.7.3/../../../../../H-i686-mingw32/nios2-elf/lib\libc.a(lib_a-writer.o)
                0x0000e664                _write_r
 .text          0x0000e6d0       0xbc c:/develop/altera/13.1/nios2eds/bin/gnu/h-i686-mingw32/bin/../lib/gcc/nios2-elf/4.7.3/../../../../../H-i686-mingw32/nios2-elf/lib\libc.a(lib_a-callocr.o)
                0x0000e6d0                _calloc_r
 .text          0x0000e78c       0x64 c:/develop/altera/13.1/nios2eds/bin/gnu/h-i686-mingw32/bin/../lib/gcc/nios2-elf/4.7.3/../../../../../H-i686-mingw32/nios2-elf/lib\libc.a(lib_a-closer.o)
                0x0000e78c                _close_r
 .text          0x0000e7f0      0x150 c:/develop/altera/13.1/nios2eds/bin/gnu/h-i686-mingw32/bin/../lib/gcc/nios2-elf/4.7.3/../../../../../H-i686-mingw32/nios2-elf/lib\libc.a(lib_a-fclose.o)
                0x0000e7f0                _fclose_r
                0x0000e92c                fclose
 .text          0x0000e940       0x68 c:/develop/altera/13.1/nios2eds/bin/gnu/h-i686-mingw32/bin/../lib/gcc/nios2-elf/4.7.3/../../../../../H-i686-mingw32/nios2-elf/lib\libc.a(lib_a-fstatr.o)
                0x0000e940                _fstat_r
 .text          0x0000e9a8       0x64 c:/develop/altera/13.1/nios2eds/bin/gnu/h-i686-mingw32/bin/../lib/gcc/nios2-elf/4.7.3/../../../../../H-i686-mingw32/nios2-elf/lib\libc.a(lib_a-isattyr.o)
                0x0000e9a8                _isatty_r
 .text          0x0000ea0c       0x6c c:/develop/altera/13.1/nios2eds/bin/gnu/h-i686-mingw32/bin/../lib/gcc/nios2-elf/4.7.3/../../../../../H-i686-mingw32/nios2-elf/lib\libc.a(lib_a-lseekr.o)
                0x0000ea0c                _lseek_r
 .text          0x0000ea78       0x6c c:/develop/altera/13.1/nios2eds/bin/gnu/h-i686-mingw32/bin/../lib/gcc/nios2-elf/4.7.3/../../../../../H-i686-mingw32/nios2-elf/lib\libc.a(lib_a-readr.o)
                0x0000ea78                _read_r
 .text          0x0000eae4      0x5c8 c:/develop/altera/13.1/nios2eds/bin/gnu/h-i686-mingw32/bin/../lib/gcc/nios2-elf/4.7.3\libgcc.a(_udivdi3.o)
                0x0000eae4                __udivdi3
 .text          0x0000f0ac      0x58c c:/develop/altera/13.1/nios2eds/bin/gnu/h-i686-mingw32/bin/../lib/gcc/nios2-elf/4.7.3\libgcc.a(_umoddi3.o)
                0x0000f0ac                __umoddi3
 .text          0x0000f638      0x408 c:/develop/altera/13.1/nios2eds/bin/gnu/h-i686-mingw32/bin/../lib/gcc/nios2-elf/4.7.3\libgcc.a(_addsub_df.o)
                0x0000f98c                __adddf3
                0x0000f9e0                __subdf3
 .text          0x0000fa40      0x2e4 c:/develop/altera/13.1/nios2eds/bin/gnu/h-i686-mingw32/bin/../lib/gcc/nios2-elf/4.7.3\libgcc.a(_mul_df.o)
                0x0000fa40                __muldf3
 .text          0x0000fd24      0x1b4 c:/develop/altera/13.1/nios2eds/bin/gnu/h-i686-mingw32/bin/../lib/gcc/nios2-elf/4.7.3\libgcc.a(_div_df.o)
                0x0000fd24                __divdf3
 .text          0x0000fed8       0x5c c:/develop/altera/13.1/nios2eds/bin/gnu/h-i686-mingw32/bin/../lib/gcc/nios2-elf/4.7.3\libgcc.a(_eq_df.o)
                0x0000fed8                __eqdf2
 .text          0x0000ff34       0x5c c:/develop/altera/13.1/nios2eds/bin/gnu/h-i686-mingw32/bin/../lib/gcc/nios2-elf/4.7.3\libgcc.a(_ne_df.o)
                0x0000ff34                __nedf2
 .text          0x0000ff90       0x64 c:/develop/altera/13.1/nios2eds/bin/gnu/h-i686-mingw32/bin/../lib/gcc/nios2-elf/4.7.3\libgcc.a(_gt_df.o)
                0x0000ff90                __gtdf2
 .text          0x0000fff4       0x64 c:/develop/altera/13.1/nios2eds/bin/gnu/h-i686-mingw32/bin/../lib/gcc/nios2-elf/4.7.3\libgcc.a(_ge_df.o)
                0x0000fff4                __gedf2
 .text          0x00010058       0x5c c:/develop/altera/13.1/nios2eds/bin/gnu/h-i686-mingw32/bin/../lib/gcc/nios2-elf/4.7.3\libgcc.a(_lt_df.o)
                0x00010058                __ltdf2
 .text          0x000100b4       0xd4 c:/develop/altera/13.1/nios2eds/bin/gnu/h-i686-mingw32/bin/../lib/gcc/nios2-elf/4.7.3\libgcc.a(_si_to_df.o)
                0x000100b4                __floatsidf
 .text          0x00010188       0xd4 c:/develop/altera/13.1/nios2eds/bin/gnu/h-i686-mingw32/bin/../lib/gcc/nios2-elf/4.7.3\libgcc.a(_df_to_si.o)
                0x00010188                __fixdfsi
 .text          0x0001025c        0x0 c:/develop/altera/13.1/nios2eds/bin/gnu/h-i686-mingw32/bin/../lib/gcc/nios2-elf/4.7.3\libgcc.a(_thenan_df.o)
 .text          0x0001025c      0x11c c:/develop/altera/13.1/nios2eds/bin/gnu/h-i686-mingw32/bin/../lib/gcc/nios2-elf/4.7.3\libgcc.a(_usi_to_df.o)
                0x0001025c                __floatunsidf
 .text          0x00010378       0x60 c:/develop/altera/13.1/nios2eds/bin/gnu/h-i686-mingw32/bin/../lib/gcc/nios2-elf/4.7.3\libgcc.a(_muldi3.o)
                0x00010378                __muldi3
 .text          0x000103d8        0x0 c:/develop/altera/13.1/nios2eds/bin/gnu/h-i686-mingw32/bin/../lib/gcc/nios2-elf/4.7.3\libgcc.a(_clz.o)
 .text          0x000103d8       0xac c:/develop/altera/13.1/nios2eds/bin/gnu/h-i686-mingw32/bin/../lib/gcc/nios2-elf/4.7.3\libgcc.a(_clzsi2.o)
                0x000103d8                __clzsi2
 .text          0x00010484      0x224 c:/develop/altera/13.1/nios2eds/bin/gnu/h-i686-mingw32/bin/../lib/gcc/nios2-elf/4.7.3\libgcc.a(_pack_df.o)
                0x00010484                __pack_d
 .text          0x000106a8      0x104 c:/develop/altera/13.1/nios2eds/bin/gnu/h-i686-mingw32/bin/../lib/gcc/nios2-elf/4.7.3\libgcc.a(_unpack_df.o)
                0x000106a8                __unpack_d
 .text          0x000107ac       0xd0 c:/develop/altera/13.1/nios2eds/bin/gnu/h-i686-mingw32/bin/../lib/gcc/nios2-elf/4.7.3\libgcc.a(_fpcmp_parts_df.o)
                0x000107ac                __fpcmp_parts_d
 .text          0x0001087c       0x44 c:/develop/altera/13.1/nios2eds/bin/gnu/h-i686-mingw32/bin/../lib/gcc/nios2-elf/4.7.3\libgcc.a(_lshrdi3.o)
                0x0001087c                __lshrdi3
 .text          0x000108c0       0x44 c:/develop/altera/13.1/nios2eds/bin/gnu/h-i686-mingw32/bin/../lib/gcc/nios2-elf/4.7.3\libgcc.a(_ashldi3.o)
                0x000108c0                __ashldi3
 .text          0x00010904       0x94 ../lcdunit_ckplay_bsp/\libhal_bsp.a(alt_alarm_start.o)
                0x00010904                alt_alarm_start
 .text          0x00010998       0xe0 ../lcdunit_ckplay_bsp/\libhal_bsp.a(alt_close.o)
                0x00010998                close
 .text          0x00010a78        0x8 ../lcdunit_ckplay_bsp/\libhal_bsp.a(alt_dev.o)
 .text          0x00010a80        0x0 ../lcdunit_ckplay_bsp/\libhal_bsp.a(alt_errno.o)
 .text          0x00010a80       0x38 ../lcdunit_ckplay_bsp/\libhal_bsp.a(alt_fs_reg.o)
                0x00010a80                alt_fs_reg
 .text          0x00010ab8       0x7c ../lcdunit_ckplay_bsp/\libhal_bsp.a(alt_fstat.o)
                0x00010ab8                fstat
 .text          0x00010b34       0x8c ../lcdunit_ckplay_bsp/\libhal_bsp.a(alt_isatty.o)
                0x00010b34                isatty
 .text          0x00010bc0       0xec ../lcdunit_ckplay_bsp/\libhal_bsp.a(alt_load.o)
                0x00010c2c                alt_load
 .text          0x00010cac       0x84 ../lcdunit_ckplay_bsp/\libhal_bsp.a(alt_lseek.o)
                0x00010cac                lseek
 .text          0x00010d30       0x60 ../lcdunit_ckplay_bsp/\libhal_bsp.a(alt_main.o)
                0x00010d30                alt_main
 .text          0x00010d90       0x40 ../lcdunit_ckplay_bsp/\libhal_bsp.a(alt_malloc_lock.o)
                0x00010d90                __malloc_lock
                0x00010db0                __malloc_unlock
 .text          0x00010dd0       0xec ../lcdunit_ckplay_bsp/\libhal_bsp.a(alt_read.o)
                0x00010dd0                read
 .text          0x00010ebc       0x24 ../lcdunit_ckplay_bsp/\libhal_bsp.a(alt_release_fd.o)
                0x00010ebc                alt_release_fd
 .text          0x00010ee0       0x4c ../lcdunit_ckplay_bsp/\libhal_bsp.a(alt_sbrk.o)
                0x00010ee0                sbrk
 .text          0x00010f2c      0x128 ../lcdunit_ckplay_bsp/\libhal_bsp.a(alt_tick.o)
                0x00010f2c                alt_alarm_stop
                0x00010f60                alt_tick
 .text          0x00011054       0x10 ../lcdunit_ckplay_bsp/\libhal_bsp.a(alt_uncached_free.o)
                0x00011054                alt_uncached_free
 .text          0x00011064       0x4c ../lcdunit_ckplay_bsp/\libhal_bsp.a(alt_uncached_malloc.o)
                0x00011064                alt_uncached_malloc
 .text          0x000110b0       0x30 ../lcdunit_ckplay_bsp/\libhal_bsp.a(alt_usleep.o)
                0x000110b0                usleep
 .text          0x000110e0       0xe8 ../lcdunit_ckplay_bsp/\libhal_bsp.a(alt_write.o)
                0x000110e0                write
 .text          0x000111c8       0x78 ../lcdunit_ckplay_bsp/\libhal_bsp.a(alt_sys_init.o)
                0x000111c8                alt_irq_init
                0x000111e8                alt_sys_init
 .text          0x00011240       0x3c ../lcdunit_ckplay_bsp/\libhal_bsp.a(altera_avalon_jtag_uart_fd.o)
                0x00011240                altera_avalon_jtag_uart_read_fd
                0x00011250                altera_avalon_jtag_uart_write_fd
                0x00011260                altera_avalon_jtag_uart_close_fd
                0x00011270                altera_avalon_jtag_uart_ioctl_fd
 .text          0x0001127c      0x214 ../lcdunit_ckplay_bsp/\libhal_bsp.a(altera_avalon_jtag_uart_init.o)
                0x000113dc                altera_avalon_jtag_uart_init
                0x0001145c                altera_avalon_jtag_uart_close
 .text          0x00011490       0x74 ../lcdunit_ckplay_bsp/\libhal_bsp.a(altera_avalon_jtag_uart_ioctl.o)
                0x00011490                altera_avalon_jtag_uart_ioctl
 .text          0x00011504      0x134 ../lcdunit_ckplay_bsp/\libhal_bsp.a(altera_avalon_jtag_uart_read.o)
                0x00011504                altera_avalon_jtag_uart_read
 .text          0x00011638      0x188 ../lcdunit_ckplay_bsp/\libhal_bsp.a(altera_avalon_jtag_uart_write.o)
                0x00011638                altera_avalon_jtag_uart_write
 .text          0x000117c0       0x8c ../lcdunit_ckplay_bsp/\libhal_bsp.a(altera_avalon_timer_sc.o)
                0x000117fc                alt_avalon_timer_sc_init
 .text          0x0001184c       0x88 ../lcdunit_ckplay_bsp/\libhal_bsp.a(alt_busy_sleep.o)
                0x0001184c                alt_busy_sleep
 .text          0x000118d4        0x4 ../lcdunit_ckplay_bsp/\libhal_bsp.a(alt_dcache_flush.o)
                0x000118d4                alt_dcache_flush
 .text          0x000118d8        0x4 ../lcdunit_ckplay_bsp/\libhal_bsp.a(alt_dcache_flush_all.o)
                0x000118d8                alt_dcache_flush_all
 .text          0x000118dc       0xf0 ../lcdunit_ckplay_bsp/\libhal_bsp.a(alt_dev_llist_insert.o)
                0x0001192c                alt_dev_llist_insert
 .text          0x000119cc       0x5c ../lcdunit_ckplay_bsp/\libhal_bsp.a(alt_do_ctors.o)
                0x000119cc                _do_ctors
 .text          0x00011a28       0x5c ../lcdunit_ckplay_bsp/\libhal_bsp.a(alt_do_dtors.o)
                0x00011a28                _do_dtors
 .text          0x00011a84        0xc ../lcdunit_ckplay_bsp/\libhal_bsp.a(alt_icache_flush_all.o)
                0x00011a84                alt_icache_flush_all
 .text          0x00011a90       0x9c ../lcdunit_ckplay_bsp/\libhal_bsp.a(alt_iic.o)
                0x00011a90                alt_ic_isr_register
                0x00011a94                alt_ic_irq_enable
                0x00011ad4                alt_ic_irq_disable
                0x00011b14                alt_ic_irq_enabled
 .text          0x00011b2c       0x68 ../lcdunit_ckplay_bsp/\libhal_bsp.a(alt_iic_isr_register.o)
                0x00011b2c                alt_iic_isr_register
 .text          0x00011b94       0xe8 ../lcdunit_ckplay_bsp/\libhal_bsp.a(alt_io_redirect.o)
                0x00011c04                alt_io_redirect
 .text          0x00011c7c        0x0 ../lcdunit_ckplay_bsp/\libhal_bsp.a(alt_irq_entry.o)
 .text          0x00011c7c        0x0 ../lcdunit_ckplay_bsp/\libhal_bsp.a(alt_irq_handler.o)
 .text          0x00011c7c        0x0 ../lcdunit_ckplay_bsp/\libhal_bsp.a(alt_irq_vars.o)
 .text          0x00011c7c      0x17c ../lcdunit_ckplay_bsp/\libhal_bsp.a(alt_open.o)
                0x00011c7c                open
 .text          0x00011df8        0x8 ../lcdunit_ckplay_bsp/\libhal_bsp.a(altera_nios2_qsys_irq.o)
                0x00011df8                altera_nios2_qsys_irq_init
 .text          0x00011e00        0x0 ../lcdunit_ckplay_bsp/\libhal_bsp.a(alt_exception_entry.o)
 .text          0x00011e00       0x94 ../lcdunit_ckplay_bsp/\libhal_bsp.a(alt_find_dev.o)
                0x00011e00                alt_find_dev
 .text          0x00011e94       0xac ../lcdunit_ckplay_bsp/\libhal_bsp.a(alt_find_file.o)
                0x00011e94                alt_find_file
 .text          0x00011f40       0x58 ../lcdunit_ckplay_bsp/\libhal_bsp.a(alt_get_fd.o)
                0x00011f40                alt_get_fd
 .text          0x00011f98       0x50 ../lcdunit_ckplay_bsp/\libhal_bsp.a(alt_icache_flush.o)
                0x00011f98                alt_icache_flush
 .text          0x00011fe8       0x14 c:/develop/altera/13.1/nios2eds/bin/gnu/h-i686-mingw32/bin/../lib/gcc/nios2-elf/4.7.3/../../../../../H-i686-mingw32/nios2-elf/lib\libc.a(lib_a-atexit.o)
                0x00011fe8                atexit
 .text          0x00011ffc       0x38 c:/develop/altera/13.1/nios2eds/bin/gnu/h-i686-mingw32/bin/../lib/gcc/nios2-elf/4.7.3/../../../../../H-i686-mingw32/nios2-elf/lib\libc.a(lib_a-exit.o)
                0x00011ffc                exit
 .text          0x00012034       0x7c c:/develop/altera/13.1/nios2eds/bin/gnu/h-i686-mingw32/bin/../lib/gcc/nios2-elf/4.7.3/../../../../../H-i686-mingw32/nios2-elf/lib\libc.a(lib_a-memcmp.o)
                0x00012034                memcmp
 .text          0x000120b0      0x130 c:/develop/altera/13.1/nios2eds/bin/gnu/h-i686-mingw32/bin/../lib/gcc/nios2-elf/4.7.3/../../../../../H-i686-mingw32/nios2-elf/lib\libc.a(lib_a-__atexit.o)
                0x000120b0                __register_exitproc
 .text          0x000121e0      0x1a0 c:/develop/altera/13.1/nios2eds/bin/gnu/h-i686-mingw32/bin/../lib/gcc/nios2-elf/4.7.3/../../../../../H-i686-mingw32/nios2-elf/lib\libc.a(lib_a-__call_atexit.o)
                0x000121e0                __call_exitprocs
 .text          0x00012380       0x14 ../lcdunit_ckplay_bsp/\libhal_bsp.a(alt_exit.o)
                0x00012380                _exit
 *(.gnu.warning.*)
 *(.fini)
                0x00012394                PROVIDE (__etext, ABSOLUTE (.))
                0x00012394                PROVIDE (_etext, ABSOLUTE (.))
                0x00012394                PROVIDE (etext, ABSOLUTE (.))
 *(.eh_frame_hdr)
                0x00012394                . = ALIGN (0x4)
                0x00012394                PROVIDE (__preinit_array_start, ABSOLUTE (.))
 *(.preinit_array)
                0x00012394                PROVIDE (__preinit_array_end, ABSOLUTE (.))
                0x00012394                PROVIDE (__init_array_start, ABSOLUTE (.))
 *(.init_array)
                0x00012394                PROVIDE (__init_array_end, ABSOLUTE (.))
                0x00012394                PROVIDE (__fini_array_start, ABSOLUTE (.))
 *(.fini_array)
                0x00012394                PROVIDE (__fini_array_end, ABSOLUTE (.))
 *(.eh_frame)
 *(.gcc_except_table .gcc_except_table.*)
 *(.dynamic)
                0x00012394                PROVIDE (__CTOR_LIST__, ABSOLUTE (.))
 *(.ctors)
 *(SORT(.ctors.*))
                0x00012394                PROVIDE (__CTOR_END__, ABSOLUTE (.))
                0x00012394                PROVIDE (__DTOR_LIST__, ABSOLUTE (.))
 *(.dtors)
 *(SORT(.dtors.*))
                0x00012394                PROVIDE (__DTOR_END__, ABSOLUTE (.))
 *(.jcr)
                0x00012394                . = ALIGN (0x4)

.rodata         0x00012394     0xf3ac
                0x00012394                PROVIDE (__ram_rodata_start, ABSOLUTE (.))
                0x00012394                . = ALIGN (0x4)
 *(.rodata .rodata.* .gnu.linkonce.r.*)
 .rodata.str1.4
                0x00012394       0xf7 obj/default/ckplay.o
                                 0xf8 (size before relaxing)
 *fill*         0x0001248b        0x1 
 .rodata.str1.4
                0x0001248c       0x13 obj/default/mmcfs/fatfs/ff.o
                                 0x14 (size before relaxing)
 .rodata        0x0001249f        0xd obj/default/mmcfs/fatfs/ff.o
 .rodata        0x000124ac     0xeab0 obj/default/mmcfs/fatfs/option/cc932.o
 .rodata.str1.4
                0x00020f5c        0x7 obj/default/mmcfs/mmcfs.o
                                  0x8 (size before relaxing)
 *fill*         0x00020f63        0x1 
 .rodata.str1.4
                0x00020f64       0x93 obj/default/nd_lib/nd_acm.o
                                 0x94 (size before relaxing)
 *fill*         0x00020ff7        0x1 
 .rodata        0x00020ff8       0x40 obj/default/nd_lib/nd_acm.o
 .rodata        0x00021038      0x400 obj/default/nd_lib/nd_egl.o
                0x00021038                nd_GsEglRomFont
 .rodata.str1.4
                0x00000000       0x93 c:/develop/altera/13.1/nios2eds/bin/gnu/h-i686-mingw32/bin/../lib/gcc/nios2-elf/4.7.3/../../../../../H-i686-mingw32/nios2-elf/lib\libc.a(lib_a-puts.o)
                                  0x4 (size before relaxing)
 .rodata.str1.4
                0x00021438       0x42 c:/develop/altera/13.1/nios2eds/bin/gnu/h-i686-mingw32/bin/../lib/gcc/nios2-elf/4.7.3/../../../../../H-i686-mingw32/nios2-elf/lib\libc.a(lib_a-vfprintf.o)
                                 0x44 (size before relaxing)
 .rodata        0x0002147a       0x20 c:/develop/altera/13.1/nios2eds/bin/gnu/h-i686-mingw32/bin/../lib/gcc/nios2-elf/4.7.3/../../../../../H-i686-mingw32/nios2-elf/lib\libc.a(lib_a-vfprintf.o)
 *fill*         0x0002149a        0x2 
 .rodata.str1.4
                0x0002149c       0x10 c:/develop/altera/13.1/nios2eds/bin/gnu/h-i686-mingw32/bin/../lib/gcc/nios2-elf/4.7.3/../../../../../H-i686-mingw32/nios2-elf/lib\libc.a(lib_a-dtoa.o)
                                 0x14 (size before relaxing)
 .rodata.str1.4
                0x000214ac        0x2 c:/develop/altera/13.1/nios2eds/bin/gnu/h-i686-mingw32/bin/../lib/gcc/nios2-elf/4.7.3/../../../../../H-i686-mingw32/nios2-elf/lib\libc.a(lib_a-impure.o)
                                  0x4 (size before relaxing)
 *fill*         0x000214ae        0x2 
 .rodata.str1.4
                0x000214b0        0xb c:/develop/altera/13.1/nios2eds/bin/gnu/h-i686-mingw32/bin/../lib/gcc/nios2-elf/4.7.3/../../../../../H-i686-mingw32/nios2-elf/lib\libc.a(lib_a-locale.o)
                                 0x18 (size before relaxing)
 *fill*         0x000214bb        0x1 
 .rodata        0x000214bc       0x30 c:/develop/altera/13.1/nios2eds/bin/gnu/h-i686-mingw32/bin/../lib/gcc/nios2-elf/4.7.3/../../../../../H-i686-mingw32/nios2-elf/lib\libc.a(lib_a-locale.o)
 .rodata        0x000214ec      0x124 c:/develop/altera/13.1/nios2eds/bin/gnu/h-i686-mingw32/bin/../lib/gcc/nios2-elf/4.7.3/../../../../../H-i686-mingw32/nios2-elf/lib\libc.a(lib_a-mprec.o)
                0x000214ec                __mprec_tinytens
                0x00021514                __mprec_bigtens
                0x0002153c                __mprec_tens
 .rodata        0x00021610       0x14 c:/develop/altera/13.1/nios2eds/bin/gnu/h-i686-mingw32/bin/../lib/gcc/nios2-elf/4.7.3\libgcc.a(_thenan_df.o)
                0x00021610                __thenan_df
 .rodata        0x00021624      0x100 c:/develop/altera/13.1/nios2eds/bin/gnu/h-i686-mingw32/bin/../lib/gcc/nios2-elf/4.7.3\libgcc.a(_clz.o)
                0x00021624                __clz_tab
 .rodata.str1.4
                0x00021724        0xa ../lcdunit_ckplay_bsp/\libhal_bsp.a(alt_dev.o)
                                  0xc (size before relaxing)
 *fill*         0x0002172e        0x2 
 .rodata.str1.4
                0x00021730       0x10 ../lcdunit_ckplay_bsp/\libhal_bsp.a(alt_main.o)
 .rodata.str1.4
                0x00000000       0x10 ../lcdunit_ckplay_bsp/\libhal_bsp.a(alt_sys_init.o)
 *(.rodata1)
                0x00021740                . = ALIGN (0x4)
                0x00021740                PROVIDE (__ram_rodata_end, ABSOLUTE (.))
                0x00012394                PROVIDE (__flash_rodata_start, LOADADDR (.rodata))

.onchip_memory.rwdata
                0x00021740      0x200
 .onchip_memory.rwdata
                0x00021740      0x200 obj/default/nd_lib/nd_acm.o

.rwdata         0x00021940     0x1a84
                0x00021940                PROVIDE (__ram_rwdata_start, ABSOLUTE (.))
                0x00021940                . = ALIGN (0x4)
 *(.got.plt)
 *(.got)
 *(.data1)
 *(.data .data.* .gnu.linkonce.d.*)
 .data          0x00021940        0x0 ../lcdunit_ckplay_bsp//obj/HAL/src/crt0.o
 .data          0x00021940        0x0 obj/default/ckplay.o
 .data          0x00021940        0x0 obj/default/mmcfs/fatfs/ff.o
 .data          0x00021940        0x0 obj/default/mmcfs/fatfs/mmcbb.o
 .data          0x00021940        0x0 obj/default/mmcfs/fatfs/option/cc932.o
 .data          0x00021940        0x0 obj/default/mmcfs/gettime.o
 .data          0x00021940        0x0 obj/default/mmcfs/mmc_spi.o
 .data          0x00021940       0x28 obj/default/mmcfs/mmcfs.o
 .data          0x00021968        0x0 obj/default/nd_lib/ILI9325.o
 .data          0x00021968        0x0 obj/default/nd_lib/nd_acm.o
 .data          0x00021968        0x0 obj/default/nd_lib/nd_egl.o
 .data          0x00021968        0x0 obj/default/nd_lib/nd_acm_mcudecode.o
 .data          0x00021968        0x0 c:/develop/altera/13.1/nios2eds/bin/gnu/h-i686-mingw32/bin/../lib/gcc/nios2-elf/4.7.3\libgcc.a(lib2-divmod.o)
 .data          0x00021968        0x0 c:/develop/altera/13.1/nios2eds/bin/gnu/h-i686-mingw32/bin/../lib/gcc/nios2-elf/4.7.3/../../../../../H-i686-mingw32/nios2-elf/lib\libc.a(lib_a-malloc.o)
 .data          0x00021968      0x408 c:/develop/altera/13.1/nios2eds/bin/gnu/h-i686-mingw32/bin/../lib/gcc/nios2-elf/4.7.3/../../../../../H-i686-mingw32/nios2-elf/lib\libc.a(lib_a-mallocr.o)
                0x00021968                __malloc_av_
 .data          0x00021d70        0x0 c:/develop/altera/13.1/nios2eds/bin/gnu/h-i686-mingw32/bin/../lib/gcc/nios2-elf/4.7.3/../../../../../H-i686-mingw32/nios2-elf/lib\libc.a(lib_a-memcpy.o)
 .data          0x00021d70        0x0 c:/develop/altera/13.1/nios2eds/bin/gnu/h-i686-mingw32/bin/../lib/gcc/nios2-elf/4.7.3/../../../../../H-i686-mingw32/nios2-elf/lib\libc.a(lib_a-memset.o)
 .data          0x00021d70        0x0 c:/develop/altera/13.1/nios2eds/bin/gnu/h-i686-mingw32/bin/../lib/gcc/nios2-elf/4.7.3/../../../../../H-i686-mingw32/nios2-elf/lib\libc.a(lib_a-printf.o)
 .data          0x00021d70        0x0 c:/develop/altera/13.1/nios2eds/bin/gnu/h-i686-mingw32/bin/../lib/gcc/nios2-elf/4.7.3/../../../../../H-i686-mingw32/nios2-elf/lib\libc.a(lib_a-putchar.o)
 .data          0x00021d70        0x0 c:/develop/altera/13.1/nios2eds/bin/gnu/h-i686-mingw32/bin/../lib/gcc/nios2-elf/4.7.3/../../../../../H-i686-mingw32/nios2-elf/lib\libc.a(lib_a-puts.o)
 .data          0x00021d70        0x0 c:/develop/altera/13.1/nios2eds/bin/gnu/h-i686-mingw32/bin/../lib/gcc/nios2-elf/4.7.3/../../../../../H-i686-mingw32/nios2-elf/lib\libc.a(lib_a-sbrkr.o)
 .data          0x00021d70        0x0 c:/develop/altera/13.1/nios2eds/bin/gnu/h-i686-mingw32/bin/../lib/gcc/nios2-elf/4.7.3/../../../../../H-i686-mingw32/nios2-elf/lib\libc.a(lib_a-strcpy.o)
 .data          0x00021d70        0x0 c:/develop/altera/13.1/nios2eds/bin/gnu/h-i686-mingw32/bin/../lib/gcc/nios2-elf/4.7.3/../../../../../H-i686-mingw32/nios2-elf/lib\libc.a(lib_a-strlen.o)
 .data          0x00021d70        0x0 c:/develop/altera/13.1/nios2eds/bin/gnu/h-i686-mingw32/bin/../lib/gcc/nios2-elf/4.7.3/../../../../../H-i686-mingw32/nios2-elf/lib\libc.a(lib_a-vfprintf.o)
 .data          0x00021d70        0x0 c:/develop/altera/13.1/nios2eds/bin/gnu/h-i686-mingw32/bin/../lib/gcc/nios2-elf/4.7.3/../../../../../H-i686-mingw32/nios2-elf/lib\libc.a(lib_a-wsetup.o)
 .data          0x00021d70        0x0 c:/develop/altera/13.1/nios2eds/bin/gnu/h-i686-mingw32/bin/../lib/gcc/nios2-elf/4.7.3/../../../../../H-i686-mingw32/nios2-elf/lib\libc.a(lib_a-dtoa.o)
 .data          0x00021d70        0x0 c:/develop/altera/13.1/nios2eds/bin/gnu/h-i686-mingw32/bin/../lib/gcc/nios2-elf/4.7.3/../../../../../H-i686-mingw32/nios2-elf/lib\libc.a(lib_a-fflush.o)
 .data          0x00021d70        0x0 c:/develop/altera/13.1/nios2eds/bin/gnu/h-i686-mingw32/bin/../lib/gcc/nios2-elf/4.7.3/../../../../../H-i686-mingw32/nios2-elf/lib\libc.a(lib_a-findfp.o)
 .data          0x00021d70        0x0 c:/develop/altera/13.1/nios2eds/bin/gnu/h-i686-mingw32/bin/../lib/gcc/nios2-elf/4.7.3/../../../../../H-i686-mingw32/nios2-elf/lib\libc.a(lib_a-freer.o)
 .data          0x00021d70        0x0 c:/develop/altera/13.1/nios2eds/bin/gnu/h-i686-mingw32/bin/../lib/gcc/nios2-elf/4.7.3/../../../../../H-i686-mingw32/nios2-elf/lib\libc.a(lib_a-fvwrite.o)
 .data          0x00021d70        0x0 c:/develop/altera/13.1/nios2eds/bin/gnu/h-i686-mingw32/bin/../lib/gcc/nios2-elf/4.7.3/../../../../../H-i686-mingw32/nios2-elf/lib\libc.a(lib_a-fwalk.o)
 .data          0x00021d70      0x400 c:/develop/altera/13.1/nios2eds/bin/gnu/h-i686-mingw32/bin/../lib/gcc/nios2-elf/4.7.3/../../../../../H-i686-mingw32/nios2-elf/lib\libc.a(lib_a-impure.o)
 .data          0x00022170        0x0 c:/develop/altera/13.1/nios2eds/bin/gnu/h-i686-mingw32/bin/../lib/gcc/nios2-elf/4.7.3/../../../../../H-i686-mingw32/nios2-elf/lib\libc.a(lib_a-int_errno.o)
 .data          0x00022170        0xc c:/develop/altera/13.1/nios2eds/bin/gnu/h-i686-mingw32/bin/../lib/gcc/nios2-elf/4.7.3/../../../../../H-i686-mingw32/nios2-elf/lib\libc.a(lib_a-locale.o)
                0x00022170                __lc_ctype
 .data          0x0002217c        0x0 c:/develop/altera/13.1/nios2eds/bin/gnu/h-i686-mingw32/bin/../lib/gcc/nios2-elf/4.7.3/../../../../../H-i686-mingw32/nios2-elf/lib\libc.a(lib_a-makebuf.o)
 .data          0x0002217c        0x0 c:/develop/altera/13.1/nios2eds/bin/gnu/h-i686-mingw32/bin/../lib/gcc/nios2-elf/4.7.3/../../../../../H-i686-mingw32/nios2-elf/lib\libc.a(lib_a-memchr.o)
 .data          0x0002217c        0x0 c:/develop/altera/13.1/nios2eds/bin/gnu/h-i686-mingw32/bin/../lib/gcc/nios2-elf/4.7.3/../../../../../H-i686-mingw32/nios2-elf/lib\libc.a(lib_a-memmove.o)
 .data          0x0002217c        0x0 c:/develop/altera/13.1/nios2eds/bin/gnu/h-i686-mingw32/bin/../lib/gcc/nios2-elf/4.7.3/../../../../../H-i686-mingw32/nios2-elf/lib\libc.a(lib_a-mprec.o)
 .data          0x0002217c        0x0 c:/develop/altera/13.1/nios2eds/bin/gnu/h-i686-mingw32/bin/../lib/gcc/nios2-elf/4.7.3/../../../../../H-i686-mingw32/nios2-elf/lib\libc.a(lib_a-putc.o)
 .data          0x0002217c        0x0 c:/develop/altera/13.1/nios2eds/bin/gnu/h-i686-mingw32/bin/../lib/gcc/nios2-elf/4.7.3/../../../../../H-i686-mingw32/nios2-elf/lib\libc.a(lib_a-reallocr.o)
 .data          0x0002217c        0x0 c:/develop/altera/13.1/nios2eds/bin/gnu/h-i686-mingw32/bin/../lib/gcc/nios2-elf/4.7.3/../../../../../H-i686-mingw32/nios2-elf/lib\libc.a(lib_a-s_isinfd.o)
 .data          0x0002217c        0x0 c:/develop/altera/13.1/nios2eds/bin/gnu/h-i686-mingw32/bin/../lib/gcc/nios2-elf/4.7.3/../../../../../H-i686-mingw32/nios2-elf/lib\libc.a(lib_a-s_isnand.o)
 .data          0x0002217c        0x0 c:/develop/altera/13.1/nios2eds/bin/gnu/h-i686-mingw32/bin/../lib/gcc/nios2-elf/4.7.3/../../../../../H-i686-mingw32/nios2-elf/lib\libc.a(lib_a-stdio.o)
 .data          0x0002217c        0x0 c:/develop/altera/13.1/nios2eds/bin/gnu/h-i686-mingw32/bin/../lib/gcc/nios2-elf/4.7.3/../../../../../H-i686-mingw32/nios2-elf/lib\libc.a(lib_a-strcmp.o)
 .data          0x0002217c        0x0 c:/develop/altera/13.1/nios2eds/bin/gnu/h-i686-mingw32/bin/../lib/gcc/nios2-elf/4.7.3/../../../../../H-i686-mingw32/nios2-elf/lib\libc.a(lib_a-wbuf.o)
 .data          0x0002217c        0x0 c:/develop/altera/13.1/nios2eds/bin/gnu/h-i686-mingw32/bin/../lib/gcc/nios2-elf/4.7.3/../../../../../H-i686-mingw32/nios2-elf/lib\libc.a(lib_a-writer.o)
 .data          0x0002217c        0x0 c:/develop/altera/13.1/nios2eds/bin/gnu/h-i686-mingw32/bin/../lib/gcc/nios2-elf/4.7.3/../../../../../H-i686-mingw32/nios2-elf/lib\libc.a(lib_a-callocr.o)
 .data          0x0002217c        0x0 c:/develop/altera/13.1/nios2eds/bin/gnu/h-i686-mingw32/bin/../lib/gcc/nios2-elf/4.7.3/../../../../../H-i686-mingw32/nios2-elf/lib\libc.a(lib_a-closer.o)
 .data          0x0002217c        0x0 c:/develop/altera/13.1/nios2eds/bin/gnu/h-i686-mingw32/bin/../lib/gcc/nios2-elf/4.7.3/../../../../../H-i686-mingw32/nios2-elf/lib\libc.a(lib_a-fclose.o)
 .data          0x0002217c        0x0 c:/develop/altera/13.1/nios2eds/bin/gnu/h-i686-mingw32/bin/../lib/gcc/nios2-elf/4.7.3/../../../../../H-i686-mingw32/nios2-elf/lib\libc.a(lib_a-fstatr.o)
 .data          0x0002217c        0x0 c:/develop/altera/13.1/nios2eds/bin/gnu/h-i686-mingw32/bin/../lib/gcc/nios2-elf/4.7.3/../../../../../H-i686-mingw32/nios2-elf/lib\libc.a(lib_a-isattyr.o)
 .data          0x0002217c        0x0 c:/develop/altera/13.1/nios2eds/bin/gnu/h-i686-mingw32/bin/../lib/gcc/nios2-elf/4.7.3/../../../../../H-i686-mingw32/nios2-elf/lib\libc.a(lib_a-lseekr.o)
 .data          0x0002217c        0x0 c:/develop/altera/13.1/nios2eds/bin/gnu/h-i686-mingw32/bin/../lib/gcc/nios2-elf/4.7.3/../../../../../H-i686-mingw32/nios2-elf/lib\libc.a(lib_a-readr.o)
 .data          0x0002217c        0x0 c:/develop/altera/13.1/nios2eds/bin/gnu/h-i686-mingw32/bin/../lib/gcc/nios2-elf/4.7.3\libgcc.a(_udivdi3.o)
 .data          0x0002217c        0x0 c:/develop/altera/13.1/nios2eds/bin/gnu/h-i686-mingw32/bin/../lib/gcc/nios2-elf/4.7.3\libgcc.a(_umoddi3.o)
 .data          0x0002217c        0x0 c:/develop/altera/13.1/nios2eds/bin/gnu/h-i686-mingw32/bin/../lib/gcc/nios2-elf/4.7.3\libgcc.a(_addsub_df.o)
 .data          0x0002217c        0x0 c:/develop/altera/13.1/nios2eds/bin/gnu/h-i686-mingw32/bin/../lib/gcc/nios2-elf/4.7.3\libgcc.a(_mul_df.o)
 .data          0x0002217c        0x0 c:/develop/altera/13.1/nios2eds/bin/gnu/h-i686-mingw32/bin/../lib/gcc/nios2-elf/4.7.3\libgcc.a(_div_df.o)
 .data          0x0002217c        0x0 c:/develop/altera/13.1/nios2eds/bin/gnu/h-i686-mingw32/bin/../lib/gcc/nios2-elf/4.7.3\libgcc.a(_eq_df.o)
 .data          0x0002217c        0x0 c:/develop/altera/13.1/nios2eds/bin/gnu/h-i686-mingw32/bin/../lib/gcc/nios2-elf/4.7.3\libgcc.a(_ne_df.o)
 .data          0x0002217c        0x0 c:/develop/altera/13.1/nios2eds/bin/gnu/h-i686-mingw32/bin/../lib/gcc/nios2-elf/4.7.3\libgcc.a(_gt_df.o)
 .data          0x0002217c        0x0 c:/develop/altera/13.1/nios2eds/bin/gnu/h-i686-mingw32/bin/../lib/gcc/nios2-elf/4.7.3\libgcc.a(_ge_df.o)
 .data          0x0002217c        0x0 c:/develop/altera/13.1/nios2eds/bin/gnu/h-i686-mingw32/bin/../lib/gcc/nios2-elf/4.7.3\libgcc.a(_lt_df.o)
 .data          0x0002217c        0x0 c:/develop/altera/13.1/nios2eds/bin/gnu/h-i686-mingw32/bin/../lib/gcc/nios2-elf/4.7.3\libgcc.a(_si_to_df.o)
 .data          0x0002217c        0x0 c:/develop/altera/13.1/nios2eds/bin/gnu/h-i686-mingw32/bin/../lib/gcc/nios2-elf/4.7.3\libgcc.a(_df_to_si.o)
 .data          0x0002217c        0x0 c:/develop/altera/13.1/nios2eds/bin/gnu/h-i686-mingw32/bin/../lib/gcc/nios2-elf/4.7.3\libgcc.a(_thenan_df.o)
 .data          0x0002217c        0x0 c:/develop/altera/13.1/nios2eds/bin/gnu/h-i686-mingw32/bin/../lib/gcc/nios2-elf/4.7.3\libgcc.a(_usi_to_df.o)
 .data          0x0002217c        0x0 c:/develop/altera/13.1/nios2eds/bin/gnu/h-i686-mingw32/bin/../lib/gcc/nios2-elf/4.7.3\libgcc.a(_muldi3.o)
 .data          0x0002217c        0x0 c:/develop/altera/13.1/nios2eds/bin/gnu/h-i686-mingw32/bin/../lib/gcc/nios2-elf/4.7.3\libgcc.a(_clz.o)
 .data          0x0002217c        0x0 c:/develop/altera/13.1/nios2eds/bin/gnu/h-i686-mingw32/bin/../lib/gcc/nios2-elf/4.7.3\libgcc.a(_clzsi2.o)
 .data          0x0002217c        0x0 c:/develop/altera/13.1/nios2eds/bin/gnu/h-i686-mingw32/bin/../lib/gcc/nios2-elf/4.7.3\libgcc.a(_pack_df.o)
 .data          0x0002217c        0x0 c:/develop/altera/13.1/nios2eds/bin/gnu/h-i686-mingw32/bin/../lib/gcc/nios2-elf/4.7.3\libgcc.a(_unpack_df.o)
 .data          0x0002217c        0x0 c:/develop/altera/13.1/nios2eds/bin/gnu/h-i686-mingw32/bin/../lib/gcc/nios2-elf/4.7.3\libgcc.a(_fpcmp_parts_df.o)
 .data          0x0002217c        0x0 c:/develop/altera/13.1/nios2eds/bin/gnu/h-i686-mingw32/bin/../lib/gcc/nios2-elf/4.7.3\libgcc.a(_lshrdi3.o)
 .data          0x0002217c        0x0 c:/develop/altera/13.1/nios2eds/bin/gnu/h-i686-mingw32/bin/../lib/gcc/nios2-elf/4.7.3\libgcc.a(_ashldi3.o)
 .data          0x0002217c        0x0 ../lcdunit_ckplay_bsp/\libhal_bsp.a(alt_alarm_start.o)
 .data          0x0002217c        0x0 ../lcdunit_ckplay_bsp/\libhal_bsp.a(alt_close.o)
 .data          0x0002217c      0x1a8 ../lcdunit_ckplay_bsp/\libhal_bsp.a(alt_dev.o)
                0x0002217c                alt_fd_list
                0x000222fc                alt_dev_null
 .data          0x00022324        0x0 ../lcdunit_ckplay_bsp/\libhal_bsp.a(alt_errno.o)
 .data          0x00022324        0x0 ../lcdunit_ckplay_bsp/\libhal_bsp.a(alt_fs_reg.o)
 .data          0x00022324        0x0 ../lcdunit_ckplay_bsp/\libhal_bsp.a(alt_fstat.o)
 .data          0x00022324        0x0 ../lcdunit_ckplay_bsp/\libhal_bsp.a(alt_isatty.o)
 .data          0x00022324        0x0 ../lcdunit_ckplay_bsp/\libhal_bsp.a(alt_load.o)
 .data          0x00022324        0x0 ../lcdunit_ckplay_bsp/\libhal_bsp.a(alt_lseek.o)
 .data          0x00022324        0x0 ../lcdunit_ckplay_bsp/\libhal_bsp.a(alt_main.o)
 .data          0x00022324        0x0 ../lcdunit_ckplay_bsp/\libhal_bsp.a(alt_malloc_lock.o)
 .data          0x00022324        0x0 ../lcdunit_ckplay_bsp/\libhal_bsp.a(alt_read.o)
 .data          0x00022324        0x0 ../lcdunit_ckplay_bsp/\libhal_bsp.a(alt_release_fd.o)
 .data          0x00022324        0x0 ../lcdunit_ckplay_bsp/\libhal_bsp.a(alt_sbrk.o)
 .data          0x00022324        0x0 ../lcdunit_ckplay_bsp/\libhal_bsp.a(alt_tick.o)
 .data          0x00022324        0x0 ../lcdunit_ckplay_bsp/\libhal_bsp.a(alt_uncached_free.o)
 .data          0x00022324        0x0 ../lcdunit_ckplay_bsp/\libhal_bsp.a(alt_uncached_malloc.o)
 .data          0x00022324        0x0 ../lcdunit_ckplay_bsp/\libhal_bsp.a(alt_usleep.o)
 .data          0x00022324        0x0 ../lcdunit_ckplay_bsp/\libhal_bsp.a(alt_write.o)
 .data          0x00022324     0x1060 ../lcdunit_ckplay_bsp/\libhal_bsp.a(alt_sys_init.o)
 .data          0x00023384        0x0 ../lcdunit_ckplay_bsp/\libhal_bsp.a(altera_avalon_jtag_uart_fd.o)
 .data          0x00023384        0x0 ../lcdunit_ckplay_bsp/\libhal_bsp.a(altera_avalon_jtag_uart_init.o)
 .data          0x00023384        0x0 ../lcdunit_ckplay_bsp/\libhal_bsp.a(altera_avalon_jtag_uart_ioctl.o)
 .data          0x00023384        0x0 ../lcdunit_ckplay_bsp/\libhal_bsp.a(altera_avalon_jtag_uart_read.o)
 .data          0x00023384        0x0 ../lcdunit_ckplay_bsp/\libhal_bsp.a(altera_avalon_jtag_uart_write.o)
 .data          0x00023384        0x0 ../lcdunit_ckplay_bsp/\libhal_bsp.a(altera_avalon_timer_sc.o)
 .data          0x00023384        0x0 ../lcdunit_ckplay_bsp/\libhal_bsp.a(alt_busy_sleep.o)
 .data          0x00023384        0x0 ../lcdunit_ckplay_bsp/\libhal_bsp.a(alt_dcache_flush.o)
 .data          0x00023384        0x0 ../lcdunit_ckplay_bsp/\libhal_bsp.a(alt_dcache_flush_all.o)
 .data          0x00023384        0x0 ../lcdunit_ckplay_bsp/\libhal_bsp.a(alt_dev_llist_insert.o)
 .data          0x00023384        0x0 ../lcdunit_ckplay_bsp/\libhal_bsp.a(alt_do_ctors.o)
 .data          0x00023384        0x0 ../lcdunit_ckplay_bsp/\libhal_bsp.a(alt_do_dtors.o)
 .data          0x00023384        0x0 ../lcdunit_ckplay_bsp/\libhal_bsp.a(alt_icache_flush_all.o)
 .data          0x00023384        0x0 ../lcdunit_ckplay_bsp/\libhal_bsp.a(alt_iic.o)
 .data          0x00023384        0x0 ../lcdunit_ckplay_bsp/\libhal_bsp.a(alt_iic_isr_register.o)
 .data          0x00023384        0x0 ../lcdunit_ckplay_bsp/\libhal_bsp.a(alt_io_redirect.o)
 .data          0x00023384        0x0 ../lcdunit_ckplay_bsp/\libhal_bsp.a(alt_irq_entry.o)
 .data          0x00023384        0x0 ../lcdunit_ckplay_bsp/\libhal_bsp.a(alt_irq_handler.o)
 .data          0x00023384        0x0 ../lcdunit_ckplay_bsp/\libhal_bsp.a(alt_irq_vars.o)
 .data          0x00023384        0x0 ../lcdunit_ckplay_bsp/\libhal_bsp.a(alt_open.o)
 .data          0x00023384        0x0 ../lcdunit_ckplay_bsp/\libhal_bsp.a(altera_nios2_qsys_irq.o)
 .data          0x00023384        0x0 ../lcdunit_ckplay_bsp/\libhal_bsp.a(alt_exception_entry.o)
 .data          0x00023384        0x0 ../lcdunit_ckplay_bsp/\libhal_bsp.a(alt_find_dev.o)
 .data          0x00023384        0x0 ../lcdunit_ckplay_bsp/\libhal_bsp.a(alt_find_file.o)
 .data          0x00023384        0x0 ../lcdunit_ckplay_bsp/\libhal_bsp.a(alt_get_fd.o)
 .data          0x00023384        0x0 ../lcdunit_ckplay_bsp/\libhal_bsp.a(alt_icache_flush.o)
 .data          0x00023384        0x0 c:/develop/altera/13.1/nios2eds/bin/gnu/h-i686-mingw32/bin/../lib/gcc/nios2-elf/4.7.3/../../../../../H-i686-mingw32/nios2-elf/lib\libc.a(lib_a-atexit.o)
 .data          0x00023384        0x0 c:/develop/altera/13.1/nios2eds/bin/gnu/h-i686-mingw32/bin/../lib/gcc/nios2-elf/4.7.3/../../../../../H-i686-mingw32/nios2-elf/lib\libc.a(lib_a-exit.o)
 .data          0x00023384        0x0 c:/develop/altera/13.1/nios2eds/bin/gnu/h-i686-mingw32/bin/../lib/gcc/nios2-elf/4.7.3/../../../../../H-i686-mingw32/nios2-elf/lib\libc.a(lib_a-memcmp.o)
 .data          0x00023384        0x0 c:/develop/altera/13.1/nios2eds/bin/gnu/h-i686-mingw32/bin/../lib/gcc/nios2-elf/4.7.3/../../../../../H-i686-mingw32/nios2-elf/lib\libc.a(lib_a-__atexit.o)
 .data          0x00023384        0x0 c:/develop/altera/13.1/nios2eds/bin/gnu/h-i686-mingw32/bin/../lib/gcc/nios2-elf/4.7.3/../../../../../H-i686-mingw32/nios2-elf/lib\libc.a(lib_a-__call_atexit.o)
 .data          0x00023384        0x0 ../lcdunit_ckplay_bsp/\libhal_bsp.a(alt_exit.o)
                0x0002b384                _gp = ABSOLUTE ((. + 0x8000))
                0x0002b384                PROVIDE (gp, _gp)
 *(.rwdata .rwdata.*)
 *(.sdata .sdata.* .gnu.linkonce.s.*)
 .sdata         0x00023384        0x1 obj/default/mmcfs/fatfs/mmcbb.o
 *fill*         0x00023385        0x3 
 .sdata         0x00023388        0x8 c:/develop/altera/13.1/nios2eds/bin/gnu/h-i686-mingw32/bin/../lib/gcc/nios2-elf/4.7.3/../../../../../H-i686-mingw32/nios2-elf/lib\libc.a(lib_a-mallocr.o)
                0x00023388                __malloc_sbrk_base
                0x0002338c                __malloc_trim_threshold
 .sdata         0x00023390        0x8 c:/develop/altera/13.1/nios2eds/bin/gnu/h-i686-mingw32/bin/../lib/gcc/nios2-elf/4.7.3/../../../../../H-i686-mingw32/nios2-elf/lib\libc.a(lib_a-impure.o)
                0x00023390                _global_impure_ptr
                0x00023394                _impure_ptr
 .sdata         0x00023398        0x4 c:/develop/altera/13.1/nios2eds/bin/gnu/h-i686-mingw32/bin/../lib/gcc/nios2-elf/4.7.3/../../../../../H-i686-mingw32/nios2-elf/lib\libc.a(lib_a-locale.o)
                0x00023398                __mb_cur_max
 .sdata         0x0002339c       0x14 ../lcdunit_ckplay_bsp/\libhal_bsp.a(alt_dev.o)
                0x0002339c                alt_max_fd
                0x000233a0                alt_dev_list
                0x000233a8                alt_fs_list
 .sdata         0x000233b0        0x4 ../lcdunit_ckplay_bsp/\libhal_bsp.a(alt_errno.o)
                0x000233b0                alt_errno
 .sdata         0x000233b4        0x4 ../lcdunit_ckplay_bsp/\libhal_bsp.a(alt_sbrk.o)
 .sdata         0x000233b8        0x8 ../lcdunit_ckplay_bsp/\libhal_bsp.a(alt_tick.o)
                0x000233b8                alt_alarm_list
 .sdata         0x000233c0        0x4 ../lcdunit_ckplay_bsp/\libhal_bsp.a(alt_irq_vars.o)
                0x000233c0                alt_priority_mask
 *(.sdata2 .sdata2.* .gnu.linkonce.s2.*)
                0x000233c4                . = ALIGN (0x4)
                0x000233c4                _edata = ABSOLUTE (.)
                0x000233c4                PROVIDE (edata, ABSOLUTE (.))
                0x000233c4                PROVIDE (__ram_rwdata_end, ABSOLUTE (.))
                0x00021940                PROVIDE (__flash_rwdata_start, LOADADDR (.rwdata))

.bss            0x000233c4      0xe2c
                0x000233c4                __bss_start = ABSOLUTE (.)
                0x000233c4                PROVIDE (__sbss_start, ABSOLUTE (.))
                0x000233c4                PROVIDE (___sbss_start, ABSOLUTE (.))
 *(.dynsbss)
 *(.sbss .sbss.* .gnu.linkonce.sb.*)
 .sbss          0x000233c4        0x8 obj/default/mmcfs/fatfs/ff.o
 .sbss          0x000233cc        0x1 obj/default/mmcfs/fatfs/mmcbb.o
 *fill*         0x000233cd        0x3 
 .sbss          0x000233d0        0x8 obj/default/mmcfs/mmc_spi.o
 .sbss          0x000233d8        0xc obj/default/mmcfs/mmcfs.o
 .sbss          0x000233e4        0x4 obj/default/nd_lib/nd_acm.o
 .sbss          0x000233e8       0x14 obj/default/nd_lib/nd_egl.o
 .sbss          0x000233fc        0x4 obj/default/nd_lib/nd_egl.o
                0x000233fc                nd_GsEglDrawBuffer
 .sbss          0x00023400        0xc c:/develop/altera/13.1/nios2eds/bin/gnu/h-i686-mingw32/bin/../lib/gcc/nios2-elf/4.7.3/../../../../../H-i686-mingw32/nios2-elf/lib\libc.a(lib_a-mallocr.o)
                0x00023400                __malloc_max_total_mem
                0x00023404                __malloc_max_sbrked_mem
                0x00023408                __malloc_top_pad
 .sbss          0x0002340c        0x4 c:/develop/altera/13.1/nios2eds/bin/gnu/h-i686-mingw32/bin/../lib/gcc/nios2-elf/4.7.3/../../../../../H-i686-mingw32/nios2-elf/lib\libc.a(lib_a-int_errno.o)
                0x0002340c                errno
 .sbss          0x00023410        0xc c:/develop/altera/13.1/nios2eds/bin/gnu/h-i686-mingw32/bin/../lib/gcc/nios2-elf/4.7.3/../../../../../H-i686-mingw32/nios2-elf/lib\libc.a(lib_a-locale.o)
                0x00023410                _PathLocale
                0x00023414                __mlocale_changed
                0x00023418                __nlocale_changed
 .sbss          0x0002341c        0xc ../lcdunit_ckplay_bsp/\libhal_bsp.a(alt_main.o)
                0x0002341c                alt_envp
                0x00023420                alt_argv
                0x00023424                alt_argc
 .sbss          0x00023428        0x8 ../lcdunit_ckplay_bsp/\libhal_bsp.a(alt_tick.o)
                0x00023428                _alt_nticks
                0x0002342c                _alt_tick_rate
 .sbss          0x00023430        0x4 ../lcdunit_ckplay_bsp/\libhal_bsp.a(alt_irq_vars.o)
                0x00023430                alt_irq_active
 *(.sbss2 .sbss2.* .gnu.linkonce.sb2.*)
 *(.scommon)
                0x00023434                PROVIDE (__sbss_end, ABSOLUTE (.))
                0x00023434                PROVIDE (___sbss_end, ABSOLUTE (.))
 *(.dynbss)
 *(.bss .bss.* .gnu.linkonce.b.*)
 .bss           0x00023434        0x0 ../lcdunit_ckplay_bsp//obj/HAL/src/crt0.o
 .bss           0x00023434      0x274 obj/default/ckplay.o
 .bss           0x000236a8      0x200 obj/default/mmcfs/fatfs/ff.o
 .bss           0x000238a8        0x0 obj/default/mmcfs/fatfs/mmcbb.o
 .bss           0x000238a8        0x0 obj/default/mmcfs/fatfs/option/cc932.o
 .bss           0x000238a8        0x0 obj/default/mmcfs/gettime.o
 .bss           0x000238a8        0x0 obj/default/mmcfs/mmc_spi.o
 .bss           0x000238a8      0x678 obj/default/mmcfs/mmcfs.o
 .bss           0x00023f20        0x0 obj/default/nd_lib/ILI9325.o
 .bss           0x00023f20       0x18 obj/default/nd_lib/nd_acm.o
 .bss           0x00023f38        0x0 obj/default/nd_lib/nd_egl.o
 .bss           0x00023f38        0x0 obj/default/nd_lib/nd_acm_mcudecode.o
 .bss           0x00023f38        0x0 c:/develop/altera/13.1/nios2eds/bin/gnu/h-i686-mingw32/bin/../lib/gcc/nios2-elf/4.7.3\libgcc.a(lib2-divmod.o)
 .bss           0x00023f38        0x0 c:/develop/altera/13.1/nios2eds/bin/gnu/h-i686-mingw32/bin/../lib/gcc/nios2-elf/4.7.3/../../../../../H-i686-mingw32/nios2-elf/lib\libc.a(lib_a-malloc.o)
 .bss           0x00023f38       0x28 c:/develop/altera/13.1/nios2eds/bin/gnu/h-i686-mingw32/bin/../lib/gcc/nios2-elf/4.7.3/../../../../../H-i686-mingw32/nios2-elf/lib\libc.a(lib_a-mallocr.o)
                0x00023f38                __malloc_current_mallinfo
 .bss           0x00023f60        0x0 c:/develop/altera/13.1/nios2eds/bin/gnu/h-i686-mingw32/bin/../lib/gcc/nios2-elf/4.7.3/../../../../../H-i686-mingw32/nios2-elf/lib\libc.a(lib_a-memcpy.o)
 .bss           0x00023f60        0x0 c:/develop/altera/13.1/nios2eds/bin/gnu/h-i686-mingw32/bin/../lib/gcc/nios2-elf/4.7.3/../../../../../H-i686-mingw32/nios2-elf/lib\libc.a(lib_a-memset.o)
 .bss           0x00023f60        0x0 c:/develop/altera/13.1/nios2eds/bin/gnu/h-i686-mingw32/bin/../lib/gcc/nios2-elf/4.7.3/../../../../../H-i686-mingw32/nios2-elf/lib\libc.a(lib_a-printf.o)
 .bss           0x00023f60        0x0 c:/develop/altera/13.1/nios2eds/bin/gnu/h-i686-mingw32/bin/../lib/gcc/nios2-elf/4.7.3/../../../../../H-i686-mingw32/nios2-elf/lib\libc.a(lib_a-putchar.o)
 .bss           0x00023f60        0x0 c:/develop/altera/13.1/nios2eds/bin/gnu/h-i686-mingw32/bin/../lib/gcc/nios2-elf/4.7.3/../../../../../H-i686-mingw32/nios2-elf/lib\libc.a(lib_a-puts.o)
 .bss           0x00023f60        0x0 c:/develop/altera/13.1/nios2eds/bin/gnu/h-i686-mingw32/bin/../lib/gcc/nios2-elf/4.7.3/../../../../../H-i686-mingw32/nios2-elf/lib\libc.a(lib_a-sbrkr.o)
 .bss           0x00023f60        0x0 c:/develop/altera/13.1/nios2eds/bin/gnu/h-i686-mingw32/bin/../lib/gcc/nios2-elf/4.7.3/../../../../../H-i686-mingw32/nios2-elf/lib\libc.a(lib_a-strcpy.o)
 .bss           0x00023f60        0x0 c:/develop/altera/13.1/nios2eds/bin/gnu/h-i686-mingw32/bin/../lib/gcc/nios2-elf/4.7.3/../../../../../H-i686-mingw32/nios2-elf/lib\libc.a(lib_a-strlen.o)
 .bss           0x00023f60        0x0 c:/develop/altera/13.1/nios2eds/bin/gnu/h-i686-mingw32/bin/../lib/gcc/nios2-elf/4.7.3/../../../../../H-i686-mingw32/nios2-elf/lib\libc.a(lib_a-vfprintf.o)
 .bss           0x00023f60        0x0 c:/develop/altera/13.1/nios2eds/bin/gnu/h-i686-mingw32/bin/../lib/gcc/nios2-elf/4.7.3/../../../../../H-i686-mingw32/nios2-elf/lib\libc.a(lib_a-wsetup.o)
 .bss           0x00023f60        0x0 c:/develop/altera/13.1/nios2eds/bin/gnu/h-i686-mingw32/bin/../lib/gcc/nios2-elf/4.7.3/../../../../../H-i686-mingw32/nios2-elf/lib\libc.a(lib_a-dtoa.o)
 .bss           0x00023f60        0x0 c:/develop/altera/13.1/nios2eds/bin/gnu/h-i686-mingw32/bin/../lib/gcc/nios2-elf/4.7.3/../../../../../H-i686-mingw32/nios2-elf/lib\libc.a(lib_a-fflush.o)
 .bss           0x00023f60        0x0 c:/develop/altera/13.1/nios2eds/bin/gnu/h-i686-mingw32/bin/../lib/gcc/nios2-elf/4.7.3/../../../../../H-i686-mingw32/nios2-elf/lib\libc.a(lib_a-findfp.o)
 .bss           0x00023f60        0x0 c:/develop/altera/13.1/nios2eds/bin/gnu/h-i686-mingw32/bin/../lib/gcc/nios2-elf/4.7.3/../../../../../H-i686-mingw32/nios2-elf/lib\libc.a(lib_a-freer.o)
 .bss           0x00023f60        0x0 c:/develop/altera/13.1/nios2eds/bin/gnu/h-i686-mingw32/bin/../lib/gcc/nios2-elf/4.7.3/../../../../../H-i686-mingw32/nios2-elf/lib\libc.a(lib_a-fvwrite.o)
 .bss           0x00023f60        0x0 c:/develop/altera/13.1/nios2eds/bin/gnu/h-i686-mingw32/bin/../lib/gcc/nios2-elf/4.7.3/../../../../../H-i686-mingw32/nios2-elf/lib\libc.a(lib_a-fwalk.o)
 .bss           0x00023f60        0x0 c:/develop/altera/13.1/nios2eds/bin/gnu/h-i686-mingw32/bin/../lib/gcc/nios2-elf/4.7.3/../../../../../H-i686-mingw32/nios2-elf/lib\libc.a(lib_a-impure.o)
 .bss           0x00023f60        0x0 c:/develop/altera/13.1/nios2eds/bin/gnu/h-i686-mingw32/bin/../lib/gcc/nios2-elf/4.7.3/../../../../../H-i686-mingw32/nios2-elf/lib\libc.a(lib_a-int_errno.o)
 .bss           0x00023f60        0x0 c:/develop/altera/13.1/nios2eds/bin/gnu/h-i686-mingw32/bin/../lib/gcc/nios2-elf/4.7.3/../../../../../H-i686-mingw32/nios2-elf/lib\libc.a(lib_a-locale.o)
 .bss           0x00023f60        0x0 c:/develop/altera/13.1/nios2eds/bin/gnu/h-i686-mingw32/bin/../lib/gcc/nios2-elf/4.7.3/../../../../../H-i686-mingw32/nios2-elf/lib\libc.a(lib_a-makebuf.o)
 .bss           0x00023f60        0x0 c:/develop/altera/13.1/nios2eds/bin/gnu/h-i686-mingw32/bin/../lib/gcc/nios2-elf/4.7.3/../../../../../H-i686-mingw32/nios2-elf/lib\libc.a(lib_a-memchr.o)
 .bss           0x00023f60        0x0 c:/develop/altera/13.1/nios2eds/bin/gnu/h-i686-mingw32/bin/../lib/gcc/nios2-elf/4.7.3/../../../../../H-i686-mingw32/nios2-elf/lib\libc.a(lib_a-memmove.o)
 .bss           0x00023f60        0x0 c:/develop/altera/13.1/nios2eds/bin/gnu/h-i686-mingw32/bin/../lib/gcc/nios2-elf/4.7.3/../../../../../H-i686-mingw32/nios2-elf/lib\libc.a(lib_a-mprec.o)
 .bss           0x00023f60        0x0 c:/develop/altera/13.1/nios2eds/bin/gnu/h-i686-mingw32/bin/../lib/gcc/nios2-elf/4.7.3/../../../../../H-i686-mingw32/nios2-elf/lib\libc.a(lib_a-putc.o)
 .bss           0x00023f60        0x0 c:/develop/altera/13.1/nios2eds/bin/gnu/h-i686-mingw32/bin/../lib/gcc/nios2-elf/4.7.3/../../../../../H-i686-mingw32/nios2-elf/lib\libc.a(lib_a-reallocr.o)
 .bss           0x00023f60        0x0 c:/develop/altera/13.1/nios2eds/bin/gnu/h-i686-mingw32/bin/../lib/gcc/nios2-elf/4.7.3/../../../../../H-i686-mingw32/nios2-elf/lib\libc.a(lib_a-s_isinfd.o)
 .bss           0x00023f60        0x0 c:/develop/altera/13.1/nios2eds/bin/gnu/h-i686-mingw32/bin/../lib/gcc/nios2-elf/4.7.3/../../../../../H-i686-mingw32/nios2-elf/lib\libc.a(lib_a-s_isnand.o)
 .bss           0x00023f60        0x0 c:/develop/altera/13.1/nios2eds/bin/gnu/h-i686-mingw32/bin/../lib/gcc/nios2-elf/4.7.3/../../../../../H-i686-mingw32/nios2-elf/lib\libc.a(lib_a-stdio.o)
 .bss           0x00023f60        0x0 c:/develop/altera/13.1/nios2eds/bin/gnu/h-i686-mingw32/bin/../lib/gcc/nios2-elf/4.7.3/../../../../../H-i686-mingw32/nios2-elf/lib\libc.a(lib_a-strcmp.o)
 .bss           0x00023f60        0x0 c:/develop/altera/13.1/nios2eds/bin/gnu/h-i686-mingw32/bin/../lib/gcc/nios2-elf/4.7.3/../../../../../H-i686-mingw32/nios2-elf/lib\libc.a(lib_a-wbuf.o)
 .bss           0x00023f60        0x0 c:/develop/altera/13.1/nios2eds/bin/gnu/h-i686-mingw32/bin/../lib/gcc/nios2-elf/4.7.3/../../../../../H-i686-mingw32/nios2-elf/lib\libc.a(lib_a-writer.o)
 .bss           0x00023f60        0x0 c:/develop/altera/13.1/nios2eds/bin/gnu/h-i686-mingw32/bin/../lib/gcc/nios2-elf/4.7.3/../../../../../H-i686-mingw32/nios2-elf/lib\libc.a(lib_a-callocr.o)
 .bss           0x00023f60        0x0 c:/develop/altera/13.1/nios2eds/bin/gnu/h-i686-mingw32/bin/../lib/gcc/nios2-elf/4.7.3/../../../../../H-i686-mingw32/nios2-elf/lib\libc.a(lib_a-closer.o)
 .bss           0x00023f60        0x0 c:/develop/altera/13.1/nios2eds/bin/gnu/h-i686-mingw32/bin/../lib/gcc/nios2-elf/4.7.3/../../../../../H-i686-mingw32/nios2-elf/lib\libc.a(lib_a-fclose.o)
 .bss           0x00023f60        0x0 c:/develop/altera/13.1/nios2eds/bin/gnu/h-i686-mingw32/bin/../lib/gcc/nios2-elf/4.7.3/../../../../../H-i686-mingw32/nios2-elf/lib\libc.a(lib_a-fstatr.o)
 .bss           0x00023f60        0x0 c:/develop/altera/13.1/nios2eds/bin/gnu/h-i686-mingw32/bin/../lib/gcc/nios2-elf/4.7.3/../../../../../H-i686-mingw32/nios2-elf/lib\libc.a(lib_a-isattyr.o)
 .bss           0x00023f60        0x0 c:/develop/altera/13.1/nios2eds/bin/gnu/h-i686-mingw32/bin/../lib/gcc/nios2-elf/4.7.3/../../../../../H-i686-mingw32/nios2-elf/lib\libc.a(lib_a-lseekr.o)
 .bss           0x00023f60        0x0 c:/develop/altera/13.1/nios2eds/bin/gnu/h-i686-mingw32/bin/../lib/gcc/nios2-elf/4.7.3/../../../../../H-i686-mingw32/nios2-elf/lib\libc.a(lib_a-readr.o)
 .bss           0x00023f60        0x0 c:/develop/altera/13.1/nios2eds/bin/gnu/h-i686-mingw32/bin/../lib/gcc/nios2-elf/4.7.3\libgcc.a(_udivdi3.o)
 .bss           0x00023f60        0x0 c:/develop/altera/13.1/nios2eds/bin/gnu/h-i686-mingw32/bin/../lib/gcc/nios2-elf/4.7.3\libgcc.a(_umoddi3.o)
 .bss           0x00023f60        0x0 c:/develop/altera/13.1/nios2eds/bin/gnu/h-i686-mingw32/bin/../lib/gcc/nios2-elf/4.7.3\libgcc.a(_addsub_df.o)
 .bss           0x00023f60        0x0 c:/develop/altera/13.1/nios2eds/bin/gnu/h-i686-mingw32/bin/../lib/gcc/nios2-elf/4.7.3\libgcc.a(_mul_df.o)
 .bss           0x00023f60        0x0 c:/develop/altera/13.1/nios2eds/bin/gnu/h-i686-mingw32/bin/../lib/gcc/nios2-elf/4.7.3\libgcc.a(_div_df.o)
 .bss           0x00023f60        0x0 c:/develop/altera/13.1/nios2eds/bin/gnu/h-i686-mingw32/bin/../lib/gcc/nios2-elf/4.7.3\libgcc.a(_eq_df.o)
 .bss           0x00023f60        0x0 c:/develop/altera/13.1/nios2eds/bin/gnu/h-i686-mingw32/bin/../lib/gcc/nios2-elf/4.7.3\libgcc.a(_ne_df.o)
 .bss           0x00023f60        0x0 c:/develop/altera/13.1/nios2eds/bin/gnu/h-i686-mingw32/bin/../lib/gcc/nios2-elf/4.7.3\libgcc.a(_gt_df.o)
 .bss           0x00023f60        0x0 c:/develop/altera/13.1/nios2eds/bin/gnu/h-i686-mingw32/bin/../lib/gcc/nios2-elf/4.7.3\libgcc.a(_ge_df.o)
 .bss           0x00023f60        0x0 c:/develop/altera/13.1/nios2eds/bin/gnu/h-i686-mingw32/bin/../lib/gcc/nios2-elf/4.7.3\libgcc.a(_lt_df.o)
 .bss           0x00023f60        0x0 c:/develop/altera/13.1/nios2eds/bin/gnu/h-i686-mingw32/bin/../lib/gcc/nios2-elf/4.7.3\libgcc.a(_si_to_df.o)
 .bss           0x00023f60        0x0 c:/develop/altera/13.1/nios2eds/bin/gnu/h-i686-mingw32/bin/../lib/gcc/nios2-elf/4.7.3\libgcc.a(_df_to_si.o)
 .bss           0x00023f60        0x0 c:/develop/altera/13.1/nios2eds/bin/gnu/h-i686-mingw32/bin/../lib/gcc/nios2-elf/4.7.3\libgcc.a(_thenan_df.o)
 .bss           0x00023f60        0x0 c:/develop/altera/13.1/nios2eds/bin/gnu/h-i686-mingw32/bin/../lib/gcc/nios2-elf/4.7.3\libgcc.a(_usi_to_df.o)
 .bss           0x00023f60        0x0 c:/develop/altera/13.1/nios2eds/bin/gnu/h-i686-mingw32/bin/../lib/gcc/nios2-elf/4.7.3\libgcc.a(_muldi3.o)
 .bss           0x00023f60        0x0 c:/develop/altera/13.1/nios2eds/bin/gnu/h-i686-mingw32/bin/../lib/gcc/nios2-elf/4.7.3\libgcc.a(_clz.o)
 .bss           0x00023f60        0x0 c:/develop/altera/13.1/nios2eds/bin/gnu/h-i686-mingw32/bin/../lib/gcc/nios2-elf/4.7.3\libgcc.a(_clzsi2.o)
 .bss           0x00023f60        0x0 c:/develop/altera/13.1/nios2eds/bin/gnu/h-i686-mingw32/bin/../lib/gcc/nios2-elf/4.7.3\libgcc.a(_pack_df.o)
 .bss           0x00023f60        0x0 c:/develop/altera/13.1/nios2eds/bin/gnu/h-i686-mingw32/bin/../lib/gcc/nios2-elf/4.7.3\libgcc.a(_unpack_df.o)
 .bss           0x00023f60        0x0 c:/develop/altera/13.1/nios2eds/bin/gnu/h-i686-mingw32/bin/../lib/gcc/nios2-elf/4.7.3\libgcc.a(_fpcmp_parts_df.o)
 .bss           0x00023f60        0x0 c:/develop/altera/13.1/nios2eds/bin/gnu/h-i686-mingw32/bin/../lib/gcc/nios2-elf/4.7.3\libgcc.a(_lshrdi3.o)
 .bss           0x00023f60        0x0 c:/develop/altera/13.1/nios2eds/bin/gnu/h-i686-mingw32/bin/../lib/gcc/nios2-elf/4.7.3\libgcc.a(_ashldi3.o)
 .bss           0x00023f60        0x0 ../lcdunit_ckplay_bsp/\libhal_bsp.a(alt_alarm_start.o)
 .bss           0x00023f60        0x0 ../lcdunit_ckplay_bsp/\libhal_bsp.a(alt_close.o)
 .bss           0x00023f60        0x0 ../lcdunit_ckplay_bsp/\libhal_bsp.a(alt_dev.o)
 .bss           0x00023f60        0x0 ../lcdunit_ckplay_bsp/\libhal_bsp.a(alt_errno.o)
 .bss           0x00023f60        0x0 ../lcdunit_ckplay_bsp/\libhal_bsp.a(alt_fs_reg.o)
 .bss           0x00023f60        0x0 ../lcdunit_ckplay_bsp/\libhal_bsp.a(alt_fstat.o)
 .bss           0x00023f60        0x0 ../lcdunit_ckplay_bsp/\libhal_bsp.a(alt_isatty.o)
 .bss           0x00023f60        0x0 ../lcdunit_ckplay_bsp/\libhal_bsp.a(alt_load.o)
 .bss           0x00023f60        0x0 ../lcdunit_ckplay_bsp/\libhal_bsp.a(alt_lseek.o)
 .bss           0x00023f60        0x0 ../lcdunit_ckplay_bsp/\libhal_bsp.a(alt_main.o)
 .bss           0x00023f60        0x0 ../lcdunit_ckplay_bsp/\libhal_bsp.a(alt_malloc_lock.o)
 .bss           0x00023f60        0x0 ../lcdunit_ckplay_bsp/\libhal_bsp.a(alt_read.o)
 .bss           0x00023f60        0x0 ../lcdunit_ckplay_bsp/\libhal_bsp.a(alt_release_fd.o)
 .bss           0x00023f60        0x0 ../lcdunit_ckplay_bsp/\libhal_bsp.a(alt_sbrk.o)
 .bss           0x00023f60        0x0 ../lcdunit_ckplay_bsp/\libhal_bsp.a(alt_tick.o)
 .bss           0x00023f60        0x0 ../lcdunit_ckplay_bsp/\libhal_bsp.a(alt_uncached_free.o)
 .bss           0x00023f60        0x0 ../lcdunit_ckplay_bsp/\libhal_bsp.a(alt_uncached_malloc.o)
 .bss           0x00023f60        0x0 ../lcdunit_ckplay_bsp/\libhal_bsp.a(alt_usleep.o)
 .bss           0x00023f60        0x0 ../lcdunit_ckplay_bsp/\libhal_bsp.a(alt_write.o)
 .bss           0x00023f60        0x0 ../lcdunit_ckplay_bsp/\libhal_bsp.a(alt_sys_init.o)
 .bss           0x00023f60        0x0 ../lcdunit_ckplay_bsp/\libhal_bsp.a(altera_avalon_jtag_uart_fd.o)
 .bss           0x00023f60        0x0 ../lcdunit_ckplay_bsp/\libhal_bsp.a(altera_avalon_jtag_uart_init.o)
 .bss           0x00023f60        0x0 ../lcdunit_ckplay_bsp/\libhal_bsp.a(altera_avalon_jtag_uart_ioctl.o)
 .bss           0x00023f60        0x0 ../lcdunit_ckplay_bsp/\libhal_bsp.a(altera_avalon_jtag_uart_read.o)
 .bss           0x00023f60        0x0 ../lcdunit_ckplay_bsp/\libhal_bsp.a(altera_avalon_jtag_uart_write.o)
 .bss           0x00023f60        0x0 ../lcdunit_ckplay_bsp/\libhal_bsp.a(altera_avalon_timer_sc.o)
 .bss           0x00023f60        0x0 ../lcdunit_ckplay_bsp/\libhal_bsp.a(alt_busy_sleep.o)
 .bss           0x00023f60        0x0 ../lcdunit_ckplay_bsp/\libhal_bsp.a(alt_dcache_flush.o)
 .bss           0x00023f60        0x0 ../lcdunit_ckplay_bsp/\libhal_bsp.a(alt_dcache_flush_all.o)
 .bss           0x00023f60        0x0 ../lcdunit_ckplay_bsp/\libhal_bsp.a(alt_dev_llist_insert.o)
 .bss           0x00023f60        0x0 ../lcdunit_ckplay_bsp/\libhal_bsp.a(alt_do_ctors.o)
 .bss           0x00023f60        0x0 ../lcdunit_ckplay_bsp/\libhal_bsp.a(alt_do_dtors.o)
 .bss           0x00023f60        0x0 ../lcdunit_ckplay_bsp/\libhal_bsp.a(alt_icache_flush_all.o)
 .bss           0x00023f60        0x0 ../lcdunit_ckplay_bsp/\libhal_bsp.a(alt_iic.o)
 .bss           0x00023f60        0x0 ../lcdunit_ckplay_bsp/\libhal_bsp.a(alt_iic_isr_register.o)
 .bss           0x00023f60        0x0 ../lcdunit_ckplay_bsp/\libhal_bsp.a(alt_io_redirect.o)
 .bss           0x00023f60        0x0 ../lcdunit_ckplay_bsp/\libhal_bsp.a(alt_irq_entry.o)
 .bss           0x00023f60        0x0 ../lcdunit_ckplay_bsp/\libhal_bsp.a(alt_irq_handler.o)
 .bss           0x00023f60        0x0 ../lcdunit_ckplay_bsp/\libhal_bsp.a(alt_irq_vars.o)
 .bss           0x00023f60        0x0 ../lcdunit_ckplay_bsp/\libhal_bsp.a(alt_open.o)
 .bss           0x00023f60        0x0 ../lcdunit_ckplay_bsp/\libhal_bsp.a(altera_nios2_qsys_irq.o)
 .bss           0x00023f60        0x0 ../lcdunit_ckplay_bsp/\libhal_bsp.a(alt_exception_entry.o)
 .bss           0x00023f60        0x0 ../lcdunit_ckplay_bsp/\libhal_bsp.a(alt_find_dev.o)
 .bss           0x00023f60        0x0 ../lcdunit_ckplay_bsp/\libhal_bsp.a(alt_find_file.o)
 .bss           0x00023f60        0x0 ../lcdunit_ckplay_bsp/\libhal_bsp.a(alt_get_fd.o)
 .bss           0x00023f60        0x0 ../lcdunit_ckplay_bsp/\libhal_bsp.a(alt_icache_flush.o)
 .bss           0x00023f60        0x0 c:/develop/altera/13.1/nios2eds/bin/gnu/h-i686-mingw32/bin/../lib/gcc/nios2-elf/4.7.3/../../../../../H-i686-mingw32/nios2-elf/lib\libc.a(lib_a-atexit.o)
 .bss           0x00023f60        0x0 c:/develop/altera/13.1/nios2eds/bin/gnu/h-i686-mingw32/bin/../lib/gcc/nios2-elf/4.7.3/../../../../../H-i686-mingw32/nios2-elf/lib\libc.a(lib_a-exit.o)
 .bss           0x00023f60        0x0 c:/develop/altera/13.1/nios2eds/bin/gnu/h-i686-mingw32/bin/../lib/gcc/nios2-elf/4.7.3/../../../../../H-i686-mingw32/nios2-elf/lib\libc.a(lib_a-memcmp.o)
 .bss           0x00023f60        0x0 c:/develop/altera/13.1/nios2eds/bin/gnu/h-i686-mingw32/bin/../lib/gcc/nios2-elf/4.7.3/../../../../../H-i686-mingw32/nios2-elf/lib\libc.a(lib_a-__atexit.o)
 .bss           0x00023f60        0x0 c:/develop/altera/13.1/nios2eds/bin/gnu/h-i686-mingw32/bin/../lib/gcc/nios2-elf/4.7.3/../../../../../H-i686-mingw32/nios2-elf/lib\libc.a(lib_a-__call_atexit.o)
 .bss           0x00023f60        0x0 ../lcdunit_ckplay_bsp/\libhal_bsp.a(alt_exit.o)
 *(COMMON)
 COMMON         0x00023f60      0x100 ../lcdunit_ckplay_bsp/\libhal_bsp.a(alt_irq_handler.o)
                0x00023f60                alt_irq
 COMMON         0x00024060      0x190 c:/develop/altera/13.1/nios2eds/bin/gnu/h-i686-mingw32/bin/../lib/gcc/nios2-elf/4.7.3/../../../../../H-i686-mingw32/nios2-elf/lib\libc.a(lib_a-atexit.o)
                0x00024060                _atexit0
                0x000241f0                . = ALIGN (0x4)
                0x000241f0                __bss_end = ABSOLUTE (.)

.sdram          0x000241f0        0x0
                0x000241f0                PROVIDE (_alt_partition_sdram_start, ABSOLUTE (.))
 *(.sdram .sdram. sdram.*)
                0x000241f0                . = ALIGN (0x4)
                0x000241f0                PROVIDE (_alt_partition_sdram_end, ABSOLUTE (.))
                0x000241f0                _end = ABSOLUTE (.)
                0x000241f0                end = ABSOLUTE (.)
                0x000241f0                __alt_stack_base = ABSOLUTE (.)
                0x000241f0                PROVIDE (_alt_partition_sdram_load_addr, LOADADDR (.sdram))

.ipl_memory     0x0f000020        0x0
                0x0f000020                PROVIDE (_alt_partition_ipl_memory_start, ABSOLUTE (.))
 *(.ipl_memory .ipl_memory. ipl_memory.*)
                0x0f000020                . = ALIGN (0x4)
                0x0f000020                PROVIDE (_alt_partition_ipl_memory_end, ABSOLUTE (.))
                0x0f000020                PROVIDE (_alt_partition_ipl_memory_load_addr, LOADADDR (.ipl_memory))

.stab
 *(.stab)

.stabstr
 *(.stabstr)

.stab.excl
 *(.stab.excl)

.stab.exclstr
 *(.stab.exclstr)

.stab.index
 *(.stab.index)

.stab.indexstr
 *(.stab.indexstr)

.comment        0x00000000       0x23
 *(.comment)
 .comment       0x00000000       0x23 obj/default/ckplay.o
                                 0x24 (size before relaxing)
 .comment       0x00000000       0x24 obj/default/mmcfs/fatfs/ff.o
 .comment       0x00000000       0x24 obj/default/mmcfs/fatfs/mmcbb.o
 .comment       0x00000000       0x24 obj/default/mmcfs/fatfs/option/cc932.o
 .comment       0x00000000       0x24 obj/default/mmcfs/gettime.o
 .comment       0x00000000       0x24 obj/default/mmcfs/mmc_spi.o
 .comment       0x00000000       0x24 obj/default/mmcfs/mmcfs.o
 .comment       0x00000000       0x24 obj/default/nd_lib/ILI9325.o
 .comment       0x00000000       0x24 obj/default/nd_lib/nd_acm.o
 .comment       0x00000000       0x24 obj/default/nd_lib/nd_egl.o
 .comment       0x00000000       0x24 c:/develop/altera/13.1/nios2eds/bin/gnu/h-i686-mingw32/bin/../lib/gcc/nios2-elf/4.7.3\libgcc.a(lib2-divmod.o)
 .comment       0x00000000       0x24 c:/develop/altera/13.1/nios2eds/bin/gnu/h-i686-mingw32/bin/../lib/gcc/nios2-elf/4.7.3/../../../../../H-i686-mingw32/nios2-elf/lib\libc.a(lib_a-malloc.o)
 .comment       0x00000000       0x24 c:/develop/altera/13.1/nios2eds/bin/gnu/h-i686-mingw32/bin/../lib/gcc/nios2-elf/4.7.3/../../../../../H-i686-mingw32/nios2-elf/lib\libc.a(lib_a-mallocr.o)
 .comment       0x00000000       0x24 c:/develop/altera/13.1/nios2eds/bin/gnu/h-i686-mingw32/bin/../lib/gcc/nios2-elf/4.7.3/../../../../../H-i686-mingw32/nios2-elf/lib\libc.a(lib_a-memcpy.o)
 .comment       0x00000000       0x24 c:/develop/altera/13.1/nios2eds/bin/gnu/h-i686-mingw32/bin/../lib/gcc/nios2-elf/4.7.3/../../../../../H-i686-mingw32/nios2-elf/lib\libc.a(lib_a-memset.o)
 .comment       0x00000000       0x24 c:/develop/altera/13.1/nios2eds/bin/gnu/h-i686-mingw32/bin/../lib/gcc/nios2-elf/4.7.3/../../../../../H-i686-mingw32/nios2-elf/lib\libc.a(lib_a-printf.o)
 .comment       0x00000000       0x24 c:/develop/altera/13.1/nios2eds/bin/gnu/h-i686-mingw32/bin/../lib/gcc/nios2-elf/4.7.3/../../../../../H-i686-mingw32/nios2-elf/lib\libc.a(lib_a-putchar.o)
 .comment       0x00000000       0x24 c:/develop/altera/13.1/nios2eds/bin/gnu/h-i686-mingw32/bin/../lib/gcc/nios2-elf/4.7.3/../../../../../H-i686-mingw32/nios2-elf/lib\libc.a(lib_a-puts.o)
 .comment       0x00000000       0x24 c:/develop/altera/13.1/nios2eds/bin/gnu/h-i686-mingw32/bin/../lib/gcc/nios2-elf/4.7.3/../../../../../H-i686-mingw32/nios2-elf/lib\libc.a(lib_a-sbrkr.o)
 .comment       0x00000000       0x24 c:/develop/altera/13.1/nios2eds/bin/gnu/h-i686-mingw32/bin/../lib/gcc/nios2-elf/4.7.3/../../../../../H-i686-mingw32/nios2-elf/lib\libc.a(lib_a-strcpy.o)
 .comment       0x00000000       0x24 c:/develop/altera/13.1/nios2eds/bin/gnu/h-i686-mingw32/bin/../lib/gcc/nios2-elf/4.7.3/../../../../../H-i686-mingw32/nios2-elf/lib\libc.a(lib_a-strlen.o)
 .comment       0x00000000       0x24 c:/develop/altera/13.1/nios2eds/bin/gnu/h-i686-mingw32/bin/../lib/gcc/nios2-elf/4.7.3/../../../../../H-i686-mingw32/nios2-elf/lib\libc.a(lib_a-vfprintf.o)
 .comment       0x00000000       0x24 c:/develop/altera/13.1/nios2eds/bin/gnu/h-i686-mingw32/bin/../lib/gcc/nios2-elf/4.7.3/../../../../../H-i686-mingw32/nios2-elf/lib\libc.a(lib_a-wsetup.o)
 .comment       0x00000000       0x24 c:/develop/altera/13.1/nios2eds/bin/gnu/h-i686-mingw32/bin/../lib/gcc/nios2-elf/4.7.3/../../../../../H-i686-mingw32/nios2-elf/lib\libc.a(lib_a-dtoa.o)
 .comment       0x00000000       0x24 c:/develop/altera/13.1/nios2eds/bin/gnu/h-i686-mingw32/bin/../lib/gcc/nios2-elf/4.7.3/../../../../../H-i686-mingw32/nios2-elf/lib\libc.a(lib_a-fflush.o)
 .comment       0x00000000       0x24 c:/develop/altera/13.1/nios2eds/bin/gnu/h-i686-mingw32/bin/../lib/gcc/nios2-elf/4.7.3/../../../../../H-i686-mingw32/nios2-elf/lib\libc.a(lib_a-findfp.o)
 .comment       0x00000000       0x24 c:/develop/altera/13.1/nios2eds/bin/gnu/h-i686-mingw32/bin/../lib/gcc/nios2-elf/4.7.3/../../../../../H-i686-mingw32/nios2-elf/lib\libc.a(lib_a-freer.o)
 .comment       0x00000000       0x24 c:/develop/altera/13.1/nios2eds/bin/gnu/h-i686-mingw32/bin/../lib/gcc/nios2-elf/4.7.3/../../../../../H-i686-mingw32/nios2-elf/lib\libc.a(lib_a-fvwrite.o)
 .comment       0x00000000       0x24 c:/develop/altera/13.1/nios2eds/bin/gnu/h-i686-mingw32/bin/../lib/gcc/nios2-elf/4.7.3/../../../../../H-i686-mingw32/nios2-elf/lib\libc.a(lib_a-fwalk.o)
 .comment       0x00000000       0x24 c:/develop/altera/13.1/nios2eds/bin/gnu/h-i686-mingw32/bin/../lib/gcc/nios2-elf/4.7.3/../../../../../H-i686-mingw32/nios2-elf/lib\libc.a(lib_a-impure.o)
 .comment       0x00000000       0x24 c:/develop/altera/13.1/nios2eds/bin/gnu/h-i686-mingw32/bin/../lib/gcc/nios2-elf/4.7.3/../../../../../H-i686-mingw32/nios2-elf/lib\libc.a(lib_a-int_errno.o)
 .comment       0x00000000       0x24 c:/develop/altera/13.1/nios2eds/bin/gnu/h-i686-mingw32/bin/../lib/gcc/nios2-elf/4.7.3/../../../../../H-i686-mingw32/nios2-elf/lib\libc.a(lib_a-locale.o)
 .comment       0x00000000       0x24 c:/develop/altera/13.1/nios2eds/bin/gnu/h-i686-mingw32/bin/../lib/gcc/nios2-elf/4.7.3/../../../../../H-i686-mingw32/nios2-elf/lib\libc.a(lib_a-makebuf.o)
 .comment       0x00000000       0x24 c:/develop/altera/13.1/nios2eds/bin/gnu/h-i686-mingw32/bin/../lib/gcc/nios2-elf/4.7.3/../../../../../H-i686-mingw32/nios2-elf/lib\libc.a(lib_a-memchr.o)
 .comment       0x00000000       0x24 c:/develop/altera/13.1/nios2eds/bin/gnu/h-i686-mingw32/bin/../lib/gcc/nios2-elf/4.7.3/../../../../../H-i686-mingw32/nios2-elf/lib\libc.a(lib_a-memmove.o)
 .comment       0x00000000       0x24 c:/develop/altera/13.1/nios2eds/bin/gnu/h-i686-mingw32/bin/../lib/gcc/nios2-elf/4.7.3/../../../../../H-i686-mingw32/nios2-elf/lib\libc.a(lib_a-mprec.o)
 .comment       0x00000000       0x24 c:/develop/altera/13.1/nios2eds/bin/gnu/h-i686-mingw32/bin/../lib/gcc/nios2-elf/4.7.3/../../../../../H-i686-mingw32/nios2-elf/lib\libc.a(lib_a-putc.o)
 .comment       0x00000000       0x24 c:/develop/altera/13.1/nios2eds/bin/gnu/h-i686-mingw32/bin/../lib/gcc/nios2-elf/4.7.3/../../../../../H-i686-mingw32/nios2-elf/lib\libc.a(lib_a-reallocr.o)
 .comment       0x00000000       0x24 c:/develop/altera/13.1/nios2eds/bin/gnu/h-i686-mingw32/bin/../lib/gcc/nios2-elf/4.7.3/../../../../../H-i686-mingw32/nios2-elf/lib\libc.a(lib_a-s_isinfd.o)
 .comment       0x00000000       0x24 c:/develop/altera/13.1/nios2eds/bin/gnu/h-i686-mingw32/bin/../lib/gcc/nios2-elf/4.7.3/../../../../../H-i686-mingw32/nios2-elf/lib\libc.a(lib_a-s_isnand.o)
 .comment       0x00000000       0x24 c:/develop/altera/13.1/nios2eds/bin/gnu/h-i686-mingw32/bin/../lib/gcc/nios2-elf/4.7.3/../../../../../H-i686-mingw32/nios2-elf/lib\libc.a(lib_a-stdio.o)
 .comment       0x00000000       0x24 c:/develop/altera/13.1/nios2eds/bin/gnu/h-i686-mingw32/bin/../lib/gcc/nios2-elf/4.7.3/../../../../../H-i686-mingw32/nios2-elf/lib\libc.a(lib_a-strcmp.o)
 .comment       0x00000000       0x24 c:/develop/altera/13.1/nios2eds/bin/gnu/h-i686-mingw32/bin/../lib/gcc/nios2-elf/4.7.3/../../../../../H-i686-mingw32/nios2-elf/lib\libc.a(lib_a-wbuf.o)
 .comment       0x00000000       0x24 c:/develop/altera/13.1/nios2eds/bin/gnu/h-i686-mingw32/bin/../lib/gcc/nios2-elf/4.7.3/../../../../../H-i686-mingw32/nios2-elf/lib\libc.a(lib_a-writer.o)
 .comment       0x00000000       0x24 c:/develop/altera/13.1/nios2eds/bin/gnu/h-i686-mingw32/bin/../lib/gcc/nios2-elf/4.7.3/../../../../../H-i686-mingw32/nios2-elf/lib\libc.a(lib_a-callocr.o)
 .comment       0x00000000       0x24 c:/develop/altera/13.1/nios2eds/bin/gnu/h-i686-mingw32/bin/../lib/gcc/nios2-elf/4.7.3/../../../../../H-i686-mingw32/nios2-elf/lib\libc.a(lib_a-closer.o)
 .comment       0x00000000       0x24 c:/develop/altera/13.1/nios2eds/bin/gnu/h-i686-mingw32/bin/../lib/gcc/nios2-elf/4.7.3/../../../../../H-i686-mingw32/nios2-elf/lib\libc.a(lib_a-fclose.o)
 .comment       0x00000000       0x24 c:/develop/altera/13.1/nios2eds/bin/gnu/h-i686-mingw32/bin/../lib/gcc/nios2-elf/4.7.3/../../../../../H-i686-mingw32/nios2-elf/lib\libc.a(lib_a-fstatr.o)
 .comment       0x00000000       0x24 c:/develop/altera/13.1/nios2eds/bin/gnu/h-i686-mingw32/bin/../lib/gcc/nios2-elf/4.7.3/../../../../../H-i686-mingw32/nios2-elf/lib\libc.a(lib_a-isattyr.o)
 .comment       0x00000000       0x24 c:/develop/altera/13.1/nios2eds/bin/gnu/h-i686-mingw32/bin/../lib/gcc/nios2-elf/4.7.3/../../../../../H-i686-mingw32/nios2-elf/lib\libc.a(lib_a-lseekr.o)
 .comment       0x00000000       0x24 c:/develop/altera/13.1/nios2eds/bin/gnu/h-i686-mingw32/bin/../lib/gcc/nios2-elf/4.7.3/../../../../../H-i686-mingw32/nios2-elf/lib\libc.a(lib_a-readr.o)
 .comment       0x00000000       0x24 c:/develop/altera/13.1/nios2eds/bin/gnu/h-i686-mingw32/bin/../lib/gcc/nios2-elf/4.7.3\libgcc.a(_udivdi3.o)
 .comment       0x00000000       0x24 c:/develop/altera/13.1/nios2eds/bin/gnu/h-i686-mingw32/bin/../lib/gcc/nios2-elf/4.7.3\libgcc.a(_umoddi3.o)
 .comment       0x00000000       0x24 c:/develop/altera/13.1/nios2eds/bin/gnu/h-i686-mingw32/bin/../lib/gcc/nios2-elf/4.7.3\libgcc.a(_addsub_df.o)
 .comment       0x00000000       0x24 c:/develop/altera/13.1/nios2eds/bin/gnu/h-i686-mingw32/bin/../lib/gcc/nios2-elf/4.7.3\libgcc.a(_mul_df.o)
 .comment       0x00000000       0x24 c:/develop/altera/13.1/nios2eds/bin/gnu/h-i686-mingw32/bin/../lib/gcc/nios2-elf/4.7.3\libgcc.a(_div_df.o)
 .comment       0x00000000       0x24 c:/develop/altera/13.1/nios2eds/bin/gnu/h-i686-mingw32/bin/../lib/gcc/nios2-elf/4.7.3\libgcc.a(_eq_df.o)
 .comment       0x00000000       0x24 c:/develop/altera/13.1/nios2eds/bin/gnu/h-i686-mingw32/bin/../lib/gcc/nios2-elf/4.7.3\libgcc.a(_ne_df.o)
 .comment       0x00000000       0x24 c:/develop/altera/13.1/nios2eds/bin/gnu/h-i686-mingw32/bin/../lib/gcc/nios2-elf/4.7.3\libgcc.a(_gt_df.o)
 .comment       0x00000000       0x24 c:/develop/altera/13.1/nios2eds/bin/gnu/h-i686-mingw32/bin/../lib/gcc/nios2-elf/4.7.3\libgcc.a(_ge_df.o)
 .comment       0x00000000       0x24 c:/develop/altera/13.1/nios2eds/bin/gnu/h-i686-mingw32/bin/../lib/gcc/nios2-elf/4.7.3\libgcc.a(_lt_df.o)
 .comment       0x00000000       0x24 c:/develop/altera/13.1/nios2eds/bin/gnu/h-i686-mingw32/bin/../lib/gcc/nios2-elf/4.7.3\libgcc.a(_si_to_df.o)
 .comment       0x00000000       0x24 c:/develop/altera/13.1/nios2eds/bin/gnu/h-i686-mingw32/bin/../lib/gcc/nios2-elf/4.7.3\libgcc.a(_df_to_si.o)
 .comment       0x00000000       0x24 c:/develop/altera/13.1/nios2eds/bin/gnu/h-i686-mingw32/bin/../lib/gcc/nios2-elf/4.7.3\libgcc.a(_thenan_df.o)
 .comment       0x00000000       0x24 c:/develop/altera/13.1/nios2eds/bin/gnu/h-i686-mingw32/bin/../lib/gcc/nios2-elf/4.7.3\libgcc.a(_usi_to_df.o)
 .comment       0x00000000       0x24 c:/develop/altera/13.1/nios2eds/bin/gnu/h-i686-mingw32/bin/../lib/gcc/nios2-elf/4.7.3\libgcc.a(_muldi3.o)
 .comment       0x00000000       0x24 c:/develop/altera/13.1/nios2eds/bin/gnu/h-i686-mingw32/bin/../lib/gcc/nios2-elf/4.7.3\libgcc.a(_clz.o)