------------------------------------------------------------
TimeQuest Timing Analyzer Summary
------------------------------------------------------------

Type  : Slow 1200mV 85C Model Setup 'inst_syspll|altpll_component|auto_generated|pll1|clk[1]'
Slack : 1.000
TNS   : 0.000

Type  : Slow 1200mV 85C Model Setup 'inst_peripll|altpll_component|auto_generated|pll1|clk[2]'
Slack : 13.499
TNS   : 0.000

Type  : Slow 1200mV 85C Model Setup 'SCI_SCLK'
Slack : 37.749
TNS   : 0.000

Type  : Slow 1200mV 85C Model Setup 'altera_reserved_tck'
Slack : 43.032
TNS   : 0.000

Type  : Slow 1200mV 85C Model Hold 'inst_syspll|altpll_component|auto_generated|pll1|clk[1]'
Slack : 0.435
TNS   : 0.000

Type  : Slow 1200mV 85C Model Hold 'altera_reserved_tck'
Slack : 0.452
TNS   : 0.000

Type  : Slow 1200mV 85C Model Hold 'inst_peripll|altpll_component|auto_generated|pll1|clk[2]'
Slack : 0.452
TNS   : 0.000

Type  : Slow 1200mV 85C Model Hold 'SCI_SCLK'
Slack : 0.485
TNS   : 0.000

Type  : Slow 1200mV 85C Model Recovery 'inst_syspll|altpll_component|auto_generated|pll1|clk[1]'
Slack : 4.978
TNS   : 0.000

Type  : Slow 1200mV 85C Model Recovery 'inst_peripll|altpll_component|auto_generated|pll1|clk[2]'
Slack : 21.425
TNS   : 0.000

Type  : Slow 1200mV 85C Model Recovery 'altera_reserved_tck'
Slack : 46.158
TNS   : 0.000

Type  : Slow 1200mV 85C Model Removal 'altera_reserved_tck'
Slack : 1.646
TNS   : 0.000

Type  : Slow 1200mV 85C Model Removal 'inst_peripll|altpll_component|auto_generated|pll1|clk[2]'
Slack : 2.069
TNS   : 0.000

Type  : Slow 1200mV 85C Model Removal 'inst_syspll|altpll_component|auto_generated|pll1|clk[1]'
Slack : 3.108
TNS   : 0.000

Type  : Slow 1200mV 85C Model Minimum Pulse Width 'inst_syspll|altpll_component|auto_generated|pll1|clk[1]'
Slack : 4.693
TNS   : 0.000

Type  : Slow 1200mV 85C Model Minimum Pulse Width 'CLOCK_50'
Slack : 9.832
TNS   : 0.000

Type  : Slow 1200mV 85C Model Minimum Pulse Width 'inst_peripll|altpll_component|auto_generated|pll1|clk[2]'
Slack : 12.189
TNS   : 0.000

Type  : Slow 1200mV 85C Model Minimum Pulse Width 'SCI_SCLK'
Slack : 41.404
TNS   : 0.000

Type  : Slow 1200mV 85C Model Minimum Pulse Width 'altera_reserved_tck'
Slack : 49.383
TNS   : 0.000

Type  : Slow 1200mV 0C Model Setup 'inst_syspll|altpll_component|auto_generated|pll1|clk[1]'
Slack : 1.465
TNS   : 0.000

Type  : Slow 1200mV 0C Model Setup 'inst_peripll|altpll_component|auto_generated|pll1|clk[2]'
Slack : 14.267
TNS   : 0.000

Type  : Slow 1200mV 0C Model Setup 'SCI_SCLK'
Slack : 37.826
TNS   : 0.000

Type  : Slow 1200mV 0C Model Setup 'altera_reserved_tck'
Slack : 43.575
TNS   : 0.000

Type  : Slow 1200mV 0C Model Hold 'inst_syspll|altpll_component|auto_generated|pll1|clk[1]'
Slack : 0.385
TNS   : 0.000

Type  : Slow 1200mV 0C Model Hold 'inst_peripll|altpll_component|auto_generated|pll1|clk[2]'
Slack : 0.400
TNS   : 0.000

Type  : Slow 1200mV 0C Model Hold 'altera_reserved_tck'
Slack : 0.401
TNS   : 0.000

Type  : Slow 1200mV 0C Model Hold 'SCI_SCLK'
Slack : 0.430
TNS   : 0.000

Type  : Slow 1200mV 0C Model Recovery 'inst_syspll|altpll_component|auto_generated|pll1|clk[1]'
Slack : 5.329
TNS   : 0.000

Type  : Slow 1200mV 0C Model Recovery 'inst_peripll|altpll_component|auto_generated|pll1|clk[2]'
Slack : 21.735
TNS   : 0.000

Type  : Slow 1200mV 0C Model Recovery 'altera_reserved_tck'
Slack : 46.578
TNS   : 0.000

Type  : Slow 1200mV 0C Model Removal 'altera_reserved_tck'
Slack : 1.484
TNS   : 0.000

Type  : Slow 1200mV 0C Model Removal 'inst_peripll|altpll_component|auto_generated|pll1|clk[2]'
Slack : 1.873
TNS   : 0.000

Type  : Slow 1200mV 0C Model Removal 'inst_syspll|altpll_component|auto_generated|pll1|clk[1]'
Slack : 2.805
TNS   : 0.000

Type  : Slow 1200mV 0C Model Minimum Pulse Width 'inst_syspll|altpll_component|auto_generated|pll1|clk[1]'
Slack : 4.661
TNS   : 0.000

Type  : Slow 1200mV 0C Model Minimum Pulse Width 'CLOCK_50'
Slack : 9.835
TNS   : 0.000

Type  : Slow 1200mV 0C Model Minimum Pulse Width 'inst_peripll|altpll_component|auto_generated|pll1|clk[2]'
Slack : 12.171
TNS   : 0.000

Type  : Slow 1200mV 0C Model Minimum Pulse Width 'SCI_SCLK'
Slack : 41.296
TNS   : 0.000

Type  : Slow 1200mV 0C Model Minimum Pulse Width 'altera_reserved_tck'
Slack : 49.227
TNS   : 0.000

Type  : Fast 1200mV 0C Model Setup 'inst_syspll|altpll_component|auto_generated|pll1|clk[1]'
Slack : 6.015
TNS   : 0.000

Type  : Fast 1200mV 0C Model Setup 'inst_peripll|altpll_component|auto_generated|pll1|clk[2]'
Slack : 20.064
TNS   : 0.000

Type  : Fast 1200mV 0C Model Setup 'SCI_SCLK'
Slack : 40.558
TNS   : 0.000

Type  : Fast 1200mV 0C Model Setup 'altera_reserved_tck'
Slack : 47.235
TNS   : 0.000

Type  : Fast 1200mV 0C Model Hold 'inst_peripll|altpll_component|auto_generated|pll1|clk[2]'
Slack : 0.169
TNS   : 0.000

Type  : Fast 1200mV 0C Model Hold 'altera_reserved_tck'
Slack : 0.178
TNS   : 0.000

Type  : Fast 1200mV 0C Model Hold 'inst_syspll|altpll_component|auto_generated|pll1|clk[1]'
Slack : 0.180
TNS   : 0.000

Type  : Fast 1200mV 0C Model Hold 'SCI_SCLK'
Slack : 0.199
TNS   : 0.000

Type  : Fast 1200mV 0C Model Recovery 'inst_syspll|altpll_component|auto_generated|pll1|clk[1]'
Slack : 7.685
TNS   : 0.000

Type  : Fast 1200mV 0C Model Recovery 'inst_peripll|altpll_component|auto_generated|pll1|clk[2]'
Slack : 23.343
TNS   : 0.000

Type  : Fast 1200mV 0C Model Recovery 'altera_reserved_tck'
Slack : 48.427
TNS   : 0.000

Type  : Fast 1200mV 0C Model Removal 'altera_reserved_tck'
Slack : 0.696
TNS   : 0.000

Type  : Fast 1200mV 0C Model Removal 'inst_peripll|altpll_component|auto_generated|pll1|clk[2]'
Slack : 0.940
TNS   : 0.000

Type  : Fast 1200mV 0C Model Removal 'inst_syspll|altpll_component|auto_generated|pll1|clk[1]'
Slack : 1.432
TNS   : 0.000

Type  : Fast 1200mV 0C Model Minimum Pulse Width 'inst_syspll|altpll_component|auto_generated|pll1|clk[1]'
Slack : 4.733
TNS   : 0.000

Type  : Fast 1200mV 0C Model Minimum Pulse Width 'CLOCK_50'
Slack : 9.423
TNS   : 0.000

Type  : Fast 1200mV 0C Model Minimum Pulse Width 'inst_peripll|altpll_component|auto_generated|pll1|clk[2]'
Slack : 12.236
TNS   : 0.000

Type  : Fast 1200mV 0C Model Minimum Pulse Width 'SCI_SCLK'
Slack : 40.828
TNS   : 0.000

Type  : Fast 1200mV 0C Model Minimum Pulse Width 'altera_reserved_tck'
Slack : 49.276
TNS   : 0.000

------------------------------------------------------------
