------------------------------------------------------------
TimeQuest Timing Analyzer Summary
------------------------------------------------------------

Type  : Slow 1200mV 85C Model Setup 'inst_syspll|altpll_component|auto_generated|pll1|clk[1]'
Slack : 0.633
TNS   : 0.000

Type  : Slow 1200mV 85C Model Setup 'inst_peripll|altpll_component|auto_generated|pll1|clk[2]'
Slack : 11.933
TNS   : 0.000

Type  : Slow 1200mV 85C Model Setup 'SCI_SCLK'
Slack : 38.302
TNS   : 0.000

Type  : Slow 1200mV 85C Model Setup 'altera_reserved_tck'
Slack : 46.639
TNS   : 0.000

Type  : Slow 1200mV 85C Model Hold 'inst_peripll|altpll_component|auto_generated|pll1|clk[2]'
Slack : 0.426
TNS   : 0.000

Type  : Slow 1200mV 85C Model Hold 'inst_syspll|altpll_component|auto_generated|pll1|clk[1]'
Slack : 0.433
TNS   : 0.000

Type  : Slow 1200mV 85C Model Hold 'altera_reserved_tck'
Slack : 0.452
TNS   : 0.000

Type  : Slow 1200mV 85C Model Hold 'SCI_SCLK'
Slack : 0.485
TNS   : 0.000

Type  : Slow 1200mV 85C Model Recovery 'inst_syspll|altpll_component|auto_generated|pll1|clk[1]'
Slack : 4.979
TNS   : 0.000

Type  : Slow 1200mV 85C Model Recovery 'inst_peripll|altpll_component|auto_generated|pll1|clk[2]'
Slack : 20.338
TNS   : 0.000

Type  : Slow 1200mV 85C Model Recovery 'altera_reserved_tck'
Slack : 47.582
TNS   : 0.000

Type  : Slow 1200mV 85C Model Removal 'altera_reserved_tck'
Slack : 1.196
TNS   : 0.000

Type  : Slow 1200mV 85C Model Removal 'inst_peripll|altpll_component|auto_generated|pll1|clk[2]'
Slack : 3.034
TNS   : 0.000

Type  : Slow 1200mV 85C Model Removal 'inst_syspll|altpll_component|auto_generated|pll1|clk[1]'
Slack : 3.080
TNS   : 0.000

Type  : Slow 1200mV 85C Model Minimum Pulse Width 'inst_syspll|altpll_component|auto_generated|pll1|clk[1]'
Slack : 4.691
TNS   : 0.000

Type  : Slow 1200mV 85C Model Minimum Pulse Width 'CLOCK_50'
Slack : 9.832
TNS   : 0.000

Type  : Slow 1200mV 85C Model Minimum Pulse Width 'inst_peripll|altpll_component|auto_generated|pll1|clk[2]'
Slack : 12.189
TNS   : 0.000

Type  : Slow 1200mV 85C Model Minimum Pulse Width 'SCI_SCLK'
Slack : 41.340
TNS   : 0.000

Type  : Slow 1200mV 85C Model Minimum Pulse Width 'altera_reserved_tck'
Slack : 49.451
TNS   : 0.000

Type  : Slow 1200mV 0C Model Setup 'inst_syspll|altpll_component|auto_generated|pll1|clk[1]'
Slack : 1.096
TNS   : 0.000

Type  : Slow 1200mV 0C Model Setup 'inst_peripll|altpll_component|auto_generated|pll1|clk[2]'
Slack : 12.773
TNS   : 0.000

Type  : Slow 1200mV 0C Model Setup 'SCI_SCLK'
Slack : 38.353
TNS   : 0.000

Type  : Slow 1200mV 0C Model Setup 'altera_reserved_tck'
Slack : 47.002
TNS   : 0.000

Type  : Slow 1200mV 0C Model Hold 'inst_syspll|altpll_component|auto_generated|pll1|clk[1]'
Slack : 0.383
TNS   : 0.000

Type  : Slow 1200mV 0C Model Hold 'altera_reserved_tck'
Slack : 0.400
TNS   : 0.000

Type  : Slow 1200mV 0C Model Hold 'inst_peripll|altpll_component|auto_generated|pll1|clk[2]'
Slack : 0.401
TNS   : 0.000

Type  : Slow 1200mV 0C Model Hold 'SCI_SCLK'
Slack : 0.430
TNS   : 0.000

Type  : Slow 1200mV 0C Model Recovery 'inst_syspll|altpll_component|auto_generated|pll1|clk[1]'
Slack : 5.314
TNS   : 0.000

Type  : Slow 1200mV 0C Model Recovery 'inst_peripll|altpll_component|auto_generated|pll1|clk[2]'
Slack : 20.684
TNS   : 0.000

Type  : Slow 1200mV 0C Model Recovery 'altera_reserved_tck'
Slack : 47.887
TNS   : 0.000

Type  : Slow 1200mV 0C Model Removal 'altera_reserved_tck'
Slack : 1.101
TNS   : 0.000

Type  : Slow 1200mV 0C Model Removal 'inst_peripll|altpll_component|auto_generated|pll1|clk[2]'
Slack : 2.701
TNS   : 0.000

Type  : Slow 1200mV 0C Model Removal 'inst_syspll|altpll_component|auto_generated|pll1|clk[1]'
Slack : 2.740
TNS   : 0.000

Type  : Slow 1200mV 0C Model Minimum Pulse Width 'inst_syspll|altpll_component|auto_generated|pll1|clk[1]'
Slack : 4.668
TNS   : 0.000

Type  : Slow 1200mV 0C Model Minimum Pulse Width 'CLOCK_50'
Slack : 9.835
TNS   : 0.000

Type  : Slow 1200mV 0C Model Minimum Pulse Width 'inst_peripll|altpll_component|auto_generated|pll1|clk[2]'
Slack : 12.169
TNS   : 0.000

Type  : Slow 1200mV 0C Model Minimum Pulse Width 'SCI_SCLK'
Slack : 41.223
TNS   : 0.000

Type  : Slow 1200mV 0C Model Minimum Pulse Width 'altera_reserved_tck'
Slack : 49.323
TNS   : 0.000

Type  : Fast 1200mV 0C Model Setup 'inst_syspll|altpll_component|auto_generated|pll1|clk[1]'
Slack : 5.826
TNS   : 0.000

Type  : Fast 1200mV 0C Model Setup 'inst_peripll|altpll_component|auto_generated|pll1|clk[2]'
Slack : 19.307
TNS   : 0.000

Type  : Fast 1200mV 0C Model Setup 'SCI_SCLK'
Slack : 40.850
TNS   : 0.000

Type  : Fast 1200mV 0C Model Setup 'altera_reserved_tck'
Slack : 48.830
TNS   : 0.000

Type  : Fast 1200mV 0C Model Hold 'inst_peripll|altpll_component|auto_generated|pll1|clk[2]'
Slack : 0.148
TNS   : 0.000

Type  : Fast 1200mV 0C Model Hold 'inst_syspll|altpll_component|auto_generated|pll1|clk[1]'
Slack : 0.178
TNS   : 0.000

Type  : Fast 1200mV 0C Model Hold 'altera_reserved_tck'
Slack : 0.183
TNS   : 0.000

Type  : Fast 1200mV 0C Model Hold 'SCI_SCLK'
Slack : 0.199
TNS   : 0.000

Type  : Fast 1200mV 0C Model Recovery 'inst_syspll|altpll_component|auto_generated|pll1|clk[1]'
Slack : 7.758
TNS   : 0.000

Type  : Fast 1200mV 0C Model Recovery 'inst_peripll|altpll_component|auto_generated|pll1|clk[2]'
Slack : 22.817
TNS   : 0.000

Type  : Fast 1200mV 0C Model Recovery 'altera_reserved_tck'
Slack : 49.229
TNS   : 0.000

Type  : Fast 1200mV 0C Model Removal 'altera_reserved_tck'
Slack : 0.507
TNS   : 0.000

Type  : Fast 1200mV 0C Model Removal 'inst_peripll|altpll_component|auto_generated|pll1|clk[2]'
Slack : 1.367
TNS   : 0.000

Type  : Fast 1200mV 0C Model Removal 'inst_syspll|altpll_component|auto_generated|pll1|clk[1]'
Slack : 1.384
TNS   : 0.000

Type  : Fast 1200mV 0C Model Minimum Pulse Width 'inst_syspll|altpll_component|auto_generated|pll1|clk[1]'
Slack : 4.733
TNS   : 0.000

Type  : Fast 1200mV 0C Model Minimum Pulse Width 'CLOCK_50'
Slack : 9.423
TNS   : 0.000

Type  : Fast 1200mV 0C Model Minimum Pulse Width 'inst_peripll|altpll_component|auto_generated|pll1|clk[2]'
Slack : 12.235
TNS   : 0.000

Type  : Fast 1200mV 0C Model Minimum Pulse Width 'SCI_SCLK'
Slack : 40.828
TNS   : 0.000

Type  : Fast 1200mV 0C Model Minimum Pulse Width 'altera_reserved_tck'
Slack : 49.296
TNS   : 0.000

------------------------------------------------------------
