文字コード　ASCII
単位　mm
整数部 4，小数部 ３，小数点無し　先行ゼロサプレス
データ区切り　'*' (2Ah)


ファイル Patan-A.GRB

  レイヤー 1 : パターン-A

ファイル Patan-B.GRB

  レイヤー 2 : パターン-B

ファイル Silk-A.GRB

  レイヤー 3 : シルク-A

ファイル Regist-A.GRB

  レイヤー 5 : レジスト-A

ファイル Regist-B.GRB

  レイヤー 6 : レジスト-B

ファイル Board.GRB

  レイヤー 7 : 外形

ファイル hole.grb

  レイヤー 8 : 孔

使用Ｄコード : アパーチャ径／□

  丸アパーチャー　ライン用  D11 : 0.100 mm
  丸アパーチャー　ライン用  D12 : 0.150 mm
  丸アパーチャー　ライン用  D13 : 0.200 mm
  丸アパーチャー　ライン用  D14 : 0.250 mm
  丸アパーチャー　ライン用  D15 : 0.300 mm
  丸アパーチャー　ライン用  D16 : 0.350 mm
  丸アパーチャー　ライン用  D17 : 0.400 mm
  丸アパーチャー　ライン用  D18 : 0.450 mm
  丸アパーチャー　ライン用  D19 : 0.500 mm
  丸アパーチャー　ライン用  D20 : 0.550 mm
  丸アパーチャー　ライン用  D21 : 0.600 mm
  丸アパーチャー　ライン用  D22 : 0.650 mm
  丸アパーチャー　ライン用  D23 : 0.700 mm
  丸アパーチャー　ライン用  D24 : 0.800 mm
  丸アパーチャー　ライン用  D25 : 0.900 mm
  丸アパーチャー　ライン用  D26 : 1.000 mm
  丸アパーチャー　ライン用  D27 : 1.100 mm
  丸アパーチャー　ライン用  D28 : 1.300 mm
  丸アパーチャー　ライン用  D29 : 1.600 mm
  丸アパーチャー　ライン用  D30 : 1.700 mm
  丸アパーチャー　ライン用  D31 : 1.800 mm
  丸アパーチャー　ライン用  D32 : 1.900 mm
  丸アパーチャー　ライン用  D33 : 2.400 mm
  丸アパーチャー　ライン用  D34 : 2.800 mm
  丸アパーチャー　ライン用  D35 : 2.900 mm
  丸アパーチャー　ライン用  D36 : 3.200 mm
  丸アパーチャー　ライン用  D37 : 3.300 mm
  丸アパーチャー　ライン用  D38 : 3.500 mm
  丸アパーチャー　ライン用  D39 : 3.600 mm
  丸アパーチャー　ライン用  D40 : 3.700 mm
  丸アパーチャー　ライン用  D41 : 0.225 mm
  丸アパーチャー　ライン用  D42 : 0.175 mm
  角アパーチャー　ライン用  D43 : 0.250 mm
  角アパーチャー　ライン用  D44 : 0.300 mm
  角アパーチャー　ライン用  D45 : 0.350 mm
  角アパーチャー　ライン用  D46 : 0.400 mm
  角アパーチャー　ライン用  D47 : 0.450 mm
  角アパーチャー　ライン用  D48 : 0.500 mm
  角アパーチャー　ライン用  D49 : 0.550 mm
  角アパーチャー　ライン用  D50 : 0.600 mm
  角アパーチャー　ライン用  D51 : 0.650 mm
  角アパーチャー　ライン用  D52 : 0.700 mm
  角アパーチャー　ライン用  D53 : 0.800 mm
  角アパーチャー　ライン用  D54 : 0.900 mm
  角アパーチャー　ライン用  D55 : 1.000 mm
  角アパーチャー　ライン用  D56 : 1.100 mm
  角アパーチャー　ライン用  D57 : 1.200 mm
  角アパーチャー　ライン用  D58 : 1.300 mm
  角アパーチャー　ライン用  D59 : 1.500 mm
  角アパーチャー　ライン用  D60 : 1.600 mm
  角アパーチャー　ライン用  D61 : 2.000 mm
  角アパーチャー　ライン用  D62 : 4.500 mm
  角アパーチャー　ライン用  D63 : 5.400 mm
  角アパーチャー　ライン用  D64 : 5.500 mm
  角アパーチャー　ライン用  D65 : 5.600 mm
  角アパーチャー　ライン用  D66 : 7.000 mm
  角アパーチャー　ライン用  D67 : 7.200 mm
  角アパーチャー　ライン用  D68 : 0.175 mm
