------------------------------------------------------------
TimeQuest Timing Analyzer Summary
------------------------------------------------------------

Type  : Slow 1200mV 85C Model Setup 'CLOCK_50'
Slack : 8.270
TNS   : 0.000

Type  : Slow 1200mV 85C Model Setup 'SCI_SCLK'
Slack : 37.022
TNS   : 0.000

Type  : Slow 1200mV 85C Model Hold 'CLOCK_50'
Slack : 0.452
TNS   : 0.000

Type  : Slow 1200mV 85C Model Hold 'SCI_SCLK'
Slack : 0.485
TNS   : 0.000

Type  : Slow 1200mV 85C Model Recovery 'CLOCK_50'
Slack : 15.589
TNS   : 0.000

Type  : Slow 1200mV 85C Model Removal 'CLOCK_50'
Slack : 3.702
TNS   : 0.000

Type  : Slow 1200mV 85C Model Minimum Pulse Width 'CLOCK_50'
Slack : 9.742
TNS   : 0.000

Type  : Slow 1200mV 85C Model Minimum Pulse Width 'SCI_SCLK'
Slack : 41.337
TNS   : 0.000

Type  : Slow 1200mV 0C Model Setup 'CLOCK_50'
Slack : 8.820
TNS   : 0.000

Type  : Slow 1200mV 0C Model Setup 'SCI_SCLK'
Slack : 37.052
TNS   : 0.000

Type  : Slow 1200mV 0C Model Hold 'CLOCK_50'
Slack : 0.400
TNS   : 0.000

Type  : Slow 1200mV 0C Model Hold 'SCI_SCLK'
Slack : 0.430
TNS   : 0.000

Type  : Slow 1200mV 0C Model Recovery 'CLOCK_50'
Slack : 15.885
TNS   : 0.000

Type  : Slow 1200mV 0C Model Removal 'CLOCK_50'
Slack : 3.322
TNS   : 0.000

Type  : Slow 1200mV 0C Model Minimum Pulse Width 'CLOCK_50'
Slack : 9.754
TNS   : 0.000

Type  : Slow 1200mV 0C Model Minimum Pulse Width 'SCI_SCLK'
Slack : 41.159
TNS   : 0.000

Type  : Fast 1200mV 0C Model Setup 'CLOCK_50'
Slack : 14.904
TNS   : 0.000

Type  : Fast 1200mV 0C Model Setup 'SCI_SCLK'
Slack : 40.367
TNS   : 0.000

Type  : Fast 1200mV 0C Model Hold 'CLOCK_50'
Slack : 0.186
TNS   : 0.000

Type  : Fast 1200mV 0C Model Hold 'SCI_SCLK'
Slack : 0.199
TNS   : 0.000

Type  : Fast 1200mV 0C Model Recovery 'CLOCK_50'
Slack : 17.955
TNS   : 0.000

Type  : Fast 1200mV 0C Model Removal 'CLOCK_50'
Slack : 1.666
TNS   : 0.000

Type  : Fast 1200mV 0C Model Minimum Pulse Width 'CLOCK_50'
Slack : 9.263
TNS   : 0.000

Type  : Fast 1200mV 0C Model Minimum Pulse Width 'SCI_SCLK'
Slack : 40.778
TNS   : 0.000

------------------------------------------------------------
