Flow report for sample_ledslider_top
Tue Jun 24 16:19:17 2014
Quartus II 64-Bit Version 13.1.0 Build 162 10/23/2013 SJ Web Edition


---------------------
; Table of Contents ;
---------------------
  1. Legal Notice
  2. Flow Summary
  3. Flow Settings
  4. Flow Non-Default Global Settings
  5. Flow Elapsed Time
  6. Flow OS Summary
  7. Flow Log
  8. Flow Messages
  9. Flow Suppressed Messages



----------------
; Legal Notice ;
----------------
Copyright (C) 1991-2013 Altera Corporation
Your use of Altera Corporation's design tools, logic functions 
and other software and tools, and its AMPP partner logic 
functions, and any output files from any of the foregoing 
(including device programming or simulation files), and any 
associated documentation or information are expressly subject 
to the terms and conditions of the Altera Program License 
Subscription Agreement, Altera MegaCore Function License 
Agreement, or other applicable license agreement, including, 
without limitation, that your use is for the sole purpose of 
programming logic devices manufactured by Altera and sold by 
Altera or its authorized distributors.  Please refer to the 
applicable agreement for further details.



+---------------------------------------------------------------------------------+
; Flow Summary                                                                    ;
+------------------------------------+--------------------------------------------+
; Flow Status                        ; Successful - Tue Jun 24 16:19:13 2014      ;
; Quartus II 64-Bit Version          ; 13.1.0 Build 162 10/23/2013 SJ Web Edition ;
; Revision Name                      ; sample_ledslider_top                       ;
; Top-level Entity Name              ; sample_ledslider_top                       ;
; Family                             ; Cyclone IV E                               ;
; Device                             ; EP4CE6E22C8                                ;
; Timing Models                      ; Final                                      ;
; Total logic elements               ; 564 / 6,272 ( 9 % )                        ;
;     Total combinational functions  ; 481 / 6,272 ( 8 % )                        ;
;     Dedicated logic registers      ; 308 / 6,272 ( 5 % )                        ;
; Total registers                    ; 308                                        ;
; Total pins                         ; 9 / 92 ( 10 % )                            ;
; Total virtual pins                 ; 0                                          ;
; Total memory bits                  ; 0 / 276,480 ( 0 % )                        ;
; Embedded Multiplier 9-bit elements ; 0 / 30 ( 0 % )                             ;
; Total PLLs                         ; 0 / 2 ( 0 % )                              ;
+------------------------------------+--------------------------------------------+


+------------------------------------------+
; Flow Settings                            ;
+-------------------+----------------------+
; Option            ; Setting              ;
+-------------------+----------------------+
; Start date & time ; 06/24/2014 16:18:57  ;
; Main task         ; Compilation          ;
; Revision Name     ; sample_ledslider_top ;
+-------------------+----------------------+


+-------------------------------------------------------------------------------------------------------------------------------------------------------------------------------------------+
; Flow Non-Default Global Settings                                                                                                                                                          ;
+-------------------------------------+--------------------------------------------------------------------+---------------+---------------------------------------------------+------------+
; Assignment Name                     ; Value                                                              ; Default Value ; Entity Name                                       ; Section Id ;
+-------------------------------------+--------------------------------------------------------------------+---------------+---------------------------------------------------+------------+
; COMPILER_SIGNATURE_ID               ; 202818018146334.140359433710884                                    ; --            ; --                                                ; --         ;
; IP_TOOL_ENV                         ; Qsys                                                               ; --            ; altera_avalon_sc_fifo                             ; --         ;
; IP_TOOL_ENV                         ; Qsys                                                               ; --            ; altera_merlin_master_agent                        ; --         ;
; IP_TOOL_ENV                         ; Qsys                                                               ; --            ; altera_merlin_master_translator                   ; --         ;
; IP_TOOL_ENV                         ; Qsys                                                               ; --            ; altera_merlin_slave_agent                         ; --         ;
; IP_TOOL_ENV                         ; Qsys                                                               ; --            ; altera_merlin_slave_translator                    ; --         ;
; IP_TOOL_ENV                         ; Qsys                                                               ; --            ; altera_merlin_traffic_limiter                     ; --         ;
; IP_TOOL_ENV                         ; Qsys                                                               ; --            ; altera_reset_controller                           ; --         ;
; IP_TOOL_ENV                         ; Qsys                                                               ; --            ; pwm_control_core                                  ; --         ;
; IP_TOOL_ENV                         ; Qsys                                                               ; --            ; pwm_control_core_mm_interconnect_0                ; --         ;
; IP_TOOL_ENV                         ; Qsys                                                               ; --            ; pwm_control_core_mm_interconnect_0_addr_router    ; --         ;
; IP_TOOL_ENV                         ; Qsys                                                               ; --            ; pwm_control_core_mm_interconnect_0_cmd_xbar_demux ; --         ;
; IP_TOOL_ENV                         ; Qsys                                                               ; --            ; pwm_control_core_mm_interconnect_0_cmd_xbar_mux   ; --         ;
; IP_TOOL_ENV                         ; Qsys                                                               ; --            ; pwm_control_core_mm_interconnect_0_id_router      ; --         ;
; IP_TOOL_ENV                         ; Qsys                                                               ; --            ; pwm_control_core_mm_interconnect_0_rsp_xbar_demux ; --         ;
; IP_TOOL_ENV                         ; Qsys                                                               ; --            ; pwm_control_core_mm_interconnect_0_rsp_xbar_mux   ; --         ;
; IP_TOOL_ENV                         ; Qsys                                                               ; --            ; pwm_control_core_pwmdata                          ; --         ;
; IP_TOOL_ENV                         ; Qsys                                                               ; --            ; pwm_control_core_sysid                            ; --         ;
; IP_TOOL_NAME                        ; altera_avalon_sc_fifo                                              ; --            ; altera_avalon_sc_fifo                             ; --         ;
; IP_TOOL_NAME                        ; altera_merlin_master_agent                                         ; --            ; altera_merlin_master_agent                        ; --         ;
; IP_TOOL_NAME                        ; altera_merlin_master_translator                                    ; --            ; altera_merlin_master_translator                   ; --         ;
; IP_TOOL_NAME                        ; altera_merlin_slave_agent                                          ; --            ; altera_merlin_slave_agent                         ; --         ;
; IP_TOOL_NAME                        ; altera_merlin_slave_translator                                     ; --            ; altera_merlin_slave_translator                    ; --         ;
; IP_TOOL_NAME                        ; altera_merlin_traffic_limiter                                      ; --            ; altera_merlin_traffic_limiter                     ; --         ;
; IP_TOOL_NAME                        ; altera_reset_controller                                            ; --            ; altera_reset_controller                           ; --         ;
; IP_TOOL_NAME                        ; Qsys                                                               ; --            ; pwm_control_core                                  ; --         ;
; IP_TOOL_NAME                        ; altera_merlin_interconnect_wrapper                                 ; --            ; pwm_control_core_mm_interconnect_0                ; --         ;
; IP_TOOL_NAME                        ; altera_merlin_router                                               ; --            ; pwm_control_core_mm_interconnect_0_addr_router    ; --         ;
; IP_TOOL_NAME                        ; altera_merlin_demultiplexer                                        ; --            ; pwm_control_core_mm_interconnect_0_cmd_xbar_demux ; --         ;
; IP_TOOL_NAME                        ; altera_merlin_multiplexer                                          ; --            ; pwm_control_core_mm_interconnect_0_cmd_xbar_mux   ; --         ;
; IP_TOOL_NAME                        ; altera_merlin_router                                               ; --            ; pwm_control_core_mm_interconnect_0_id_router      ; --         ;
; IP_TOOL_NAME                        ; altera_merlin_demultiplexer                                        ; --            ; pwm_control_core_mm_interconnect_0_rsp_xbar_demux ; --         ;
; IP_TOOL_NAME                        ; altera_merlin_multiplexer                                          ; --            ; pwm_control_core_mm_interconnect_0_rsp_xbar_mux   ; --         ;
; IP_TOOL_NAME                        ; altera_avalon_pio                                                  ; --            ; pwm_control_core_pwmdata                          ; --         ;
; IP_TOOL_NAME                        ; altera_avalon_sysid_qsys                                           ; --            ; pwm_control_core_sysid                            ; --         ;
; IP_TOOL_VERSION                     ; 13.1                                                               ; --            ; altera_avalon_sc_fifo                             ; --         ;
; IP_TOOL_VERSION                     ; 13.1                                                               ; --            ; altera_merlin_master_agent                        ; --         ;
; IP_TOOL_VERSION                     ; 13.1                                                               ; --            ; altera_merlin_master_translator                   ; --         ;
; IP_TOOL_VERSION                     ; 13.1                                                               ; --            ; altera_merlin_slave_agent                         ; --         ;
; IP_TOOL_VERSION                     ; 13.1                                                               ; --            ; altera_merlin_slave_translator                    ; --         ;
; IP_TOOL_VERSION                     ; 13.1                                                               ; --            ; altera_merlin_traffic_limiter                     ; --         ;
; IP_TOOL_VERSION                     ; 13.1                                                               ; --            ; altera_reset_controller                           ; --         ;
; IP_TOOL_VERSION                     ; 13.1                                                               ; --            ; pwm_control_core                                  ; --         ;
; IP_TOOL_VERSION                     ; 13.1                                                               ; --            ; pwm_control_core_mm_interconnect_0                ; --         ;
; IP_TOOL_VERSION                     ; 13.1                                                               ; --            ; pwm_control_core_mm_interconnect_0_addr_router    ; --         ;
; IP_TOOL_VERSION                     ; 13.1                                                               ; --            ; pwm_control_core_mm_interconnect_0_cmd_xbar_demux ; --         ;
; IP_TOOL_VERSION                     ; 13.1                                                               ; --            ; pwm_control_core_mm_interconnect_0_cmd_xbar_mux   ; --         ;
; IP_TOOL_VERSION                     ; 13.1                                                               ; --            ; pwm_control_core_mm_interconnect_0_id_router      ; --         ;
; IP_TOOL_VERSION                     ; 13.1                                                               ; --            ; pwm_control_core_mm_interconnect_0_rsp_xbar_demux ; --         ;
; IP_TOOL_VERSION                     ; 13.1                                                               ; --            ; pwm_control_core_mm_interconnect_0_rsp_xbar_mux   ; --         ;
; IP_TOOL_VERSION                     ; 13.1                                                               ; --            ; pwm_control_core_pwmdata                          ; --         ;
; IP_TOOL_VERSION                     ; 13.1                                                               ; --            ; pwm_control_core_sysid                            ; --         ;
; MAX_CORE_JUNCTION_TEMP              ; 85                                                                 ; --            ; --                                                ; --         ;
; MIN_CORE_JUNCTION_TEMP              ; 0                                                                  ; --            ; --                                                ; --         ;
; MISC_FILE                           ; pwm_control_core/synthesis/../../pwm_control_core.cmp              ; --            ; --                                                ; --         ;
; MISC_FILE                           ; pwm_control_core/synthesis/../../pwm_control_core.qsys             ; --            ; --                                                ; --         ;
; OUTPUT_IO_TIMING_FAR_END_VMEAS      ; Half Signal Swing                                                  ; --            ; --                                                ; --         ;
; OUTPUT_IO_TIMING_FAR_END_VMEAS      ; Half Signal Swing                                                  ; --            ; --                                                ; --         ;
; OUTPUT_IO_TIMING_NEAR_END_VMEAS     ; Half Vccio                                                         ; --            ; --                                                ; --         ;
; OUTPUT_IO_TIMING_NEAR_END_VMEAS     ; Half Vccio                                                         ; --            ; --                                                ; --         ;
; PARTITION_COLOR                     ; 16764057                                                           ; --            ; --                                                ; Top        ;
; PARTITION_FITTER_PRESERVATION_LEVEL ; PLACEMENT_AND_ROUTING                                              ; --            ; --                                                ; Top        ;
; PARTITION_NETLIST_TYPE              ; SOURCE                                                             ; --            ; --                                                ; Top        ;
; PROJECT_OUTPUT_DIRECTORY            ; output_files                                                       ; --            ; --                                                ; --         ;
; SLD_FILE                            ; pwm_control_core/synthesis/pwm_control_core.regmap                 ; --            ; --                                                ; --         ;
; SLD_FILE                            ; pwm_control_core/synthesis/pwm_control_core.debuginfo              ; --            ; --                                                ; --         ;
; SLD_INFO                            ; QSYS_NAME pwm_control_core HAS_SOPCINFO 1 GENERATION_ID 1403594279 ; --            ; pwm_control_core                                  ; --         ;
; SOPCINFO_FILE                       ; pwm_control_core/synthesis/../../pwm_control_core.sopcinfo         ; --            ; --                                                ; --         ;
; SYNTHESIS_ONLY_QIP                  ; On                                                                 ; --            ; --                                                ; --         ;
+-------------------------------------+--------------------------------------------------------------------+---------------+---------------------------------------------------+------------+


+-------------------------------------------------------------------------------------------------------------------------------+
; Flow Elapsed Time                                                                                                             ;
+---------------------------+--------------+-------------------------+---------------------+------------------------------------+
; Module Name               ; Elapsed Time ; Average Processors Used ; Peak Virtual Memory ; Total CPU Time (on all processors) ;
+---------------------------+--------------+-------------------------+---------------------+------------------------------------+
; Analysis & Synthesis      ; 00:00:05     ; 1.0                     ; 569 MB              ; 00:00:05                           ;
; Fitter                    ; 00:00:06     ; 1.6                     ; 1131 MB             ; 00:00:07                           ;
; Assembler                 ; 00:00:01     ; 1.0                     ; 455 MB              ; 00:00:01                           ;
; TimeQuest Timing Analyzer ; 00:00:03     ; 1.0                     ; 531 MB              ; 00:00:03                           ;
; Total                     ; 00:00:15     ; --                      ; --                  ; 00:00:16                           ;
+---------------------------+--------------+-------------------------+---------------------+------------------------------------+


+----------------------------------------------------------------------------------------+
; Flow OS Summary                                                                        ;
+---------------------------+------------------+-----------+------------+----------------+
; Module Name               ; Machine Hostname ; OS Name   ; OS Version ; Processor type ;
+---------------------------+------------------+-----------+------------+----------------+
; Analysis & Synthesis      ; BRUENNHILDE      ; Windows 7 ; 6.2        ; x86_64         ;
; Fitter                    ; BRUENNHILDE      ; Windows 7 ; 6.2        ; x86_64         ;
; Assembler                 ; BRUENNHILDE      ; Windows 7 ; 6.2        ; x86_64         ;
; TimeQuest Timing Analyzer ; BRUENNHILDE      ; Windows 7 ; 6.2        ; x86_64         ;
+---------------------------+------------------+-----------+------------+----------------+


------------
; Flow Log ;
------------
quartus_map --read_settings_files=on --write_settings_files=off sample_ledslider_top -c sample_ledslider_top
quartus_fit --read_settings_files=off --write_settings_files=off sample_ledslider_top -c sample_ledslider_top
quartus_asm --read_settings_files=off --write_settings_files=off sample_ledslider_top -c sample_ledslider_top
quartus_sta sample_ledslider_top -c sample_ledslider_top



